******************************************************************************
                  TI ARM Linker PC v15.12.0                    
******************************************************************************
>> Linked Tue Mar 22 09:08:52 2016

OUTPUT FILE NAME:   <Project 1 Remote.out>
ENTRY POINT SYMBOL: "_c_int00"  address: 0000a761


MEMORY CONFIGURATION

         name            origin    length      used     unused   attr    fill
----------------------  --------  ---------  --------  --------  ----  --------
  MAIN                  00000000   00040000  0000b1b8  00034e48  R  X
  INFO                  00200000   00004000  00000000  00004000  R  X
  SRAM_CODE             01000000   00010000  00000000  00010000  RW X
  SRAM_DATA             20000000   00010000  00000f1c  0000f0e4  RW  


SEGMENT ALLOCATION MAP

run origin  load origin   length   init length attrs members
----------  ----------- ---------- ----------- ----- -------
00000000    00000000    0000b1bc   0000b1bc    r-x
  00000000    00000000    00000140   00000140    r-- .intvecs
  00000140    00000140    0000ad54   0000ad54    r-x .text
  0000ae98    0000ae98    00000270   00000270    r-- .const
  0000b108    0000b108    000000b4   000000b4    r-- .cinit
20000000    20000000    00000d1c   00000000    rw-
  20000000    20000000    000006c0   00000000    rw- .bss
  200006c0    200006c0    00000400   00000000    rw- .sysmem
  20000ac0    20000ac0    0000025c   00000000    rw- .data
2000fe00    2000fe00    00000200   00000000    rw-
  2000fe00    2000fe00    00000200   00000000    rw- .stack


SECTION ALLOCATION MAP

 output                                  attributes/
section   page    origin      length       input sections
--------  ----  ----------  ----------   ----------------
.intvecs   0    00000000    00000140     
                  00000000    00000140     msp432_startup_ccs.obj (.intvecs:retain)

.text      0    00000140    0000ad54     
                  00000140    00002a18     ff.obj (.text)
                  00002b58    00001110     rtsv7M4_T_le_v4SPD16_eabi.lib : _printfi.obj (.text)
                  00003c68    00000c14     msprf24.obj (.text)
                  0000487c    000009ac     rtsv7M4_T_le_v4SPD16_eabi.lib : e_pow.obj (.text)
                  00005228    0000092a                                   : _scanfi.obj (.text)
                  00005b52    00000002                                   : mpu_init.obj (.text)
                  00005b54    00000880     mmc-msp432P401r.obj (.text)
                  000063d4    000006ac     Baro_Temp.obj (.text)
                  00006a80    000005e4     main.obj (.text)
                  00007064    000003dc     rtsv7M4_T_le_v4SPD16_eabi.lib : memory.obj (.text)
                  00007440    000003ac     I2C0.obj (.text)
                  000077ec    00000398     Light.obj (.text)
                  00007b84    00000324     rtsv7M4_T_le_v4SPD16_eabi.lib : trgdrv.obj (.text)
                  00007ea8    0000030c                                   : lowlev.obj (.text)
                  000081b4    00000278     support.obj (.text)
                  0000842c    0000023c     rtsv7M4_T_le_v4SPD16_eabi.lib : strtod.obj (.text)
                  00008668    000001f4                                   : ull_div_t2.obj (.text)
                  0000885c    000001e4                                   : strtoll.obj (.text)
                  00008a40    000001c4                                   : fopen.obj (.text)
                  00008c04    000001b6                                   : fd_add_t2.obj (.text)
                  00008dba    00000002                                   : startup.obj (.text)
                  00008dbc    000001b0     msp430_spi.obj (.text)
                  00008f6c    00000170     rtsv7M4_T_le_v4SPD16_eabi.lib : e_sqrt.obj (.text)
                  000090dc    0000016c                                   : strtoull.obj (.text)
                  00009248    00000136                                   : fd_div_t2.obj (.text)
                  0000937e    00000002     --HOLE-- [fill = 0]
                  00009380    00000134                                   : fputs.obj (.text)
                  000094b4    00000134                                   : strtol.obj (.text)
                  000095e8    00000114                                   : strtoul.obj (.text)
                  000096fc    000000fc                                   : fd_mul_t2.obj (.text)
                  000097f8    000000fc                                   : s_scalbn.obj (.text)
                  000098f4    000000f0     dht22.obj (.text)
                  000099e4    000000e8     msp432p4xx_driverlib.lib : cs.o (.text:CS_setDCOFrequency)
                  00009acc    000000e0                              : cs.o (.text:CS_initClockSignal)
                  00009bac    000000dc     rtsv7M4_T_le_v4SPD16_eabi.lib : setvbuf.obj (.text)
                  00009c88    000000cc                                   : sscanf.obj (.text)
                  00009d54    000000c8                                   : fflush.obj (.text)
                  00009e1c    000000ac                                   : _io_perm.obj (.text)
                  00009ec8    0000009c     msp432p4xx_driverlib.lib : cs.o (.text:_CSComputeCLKFrequency)
                  00009f64    0000009c     rtsv7M4_T_le_v4SPD16_eabi.lib : memcpy_t2.obj (.text)
                  0000a000    00000098                                   : fclose.obj (.text)
                  0000a098    00000098                                   : fputc.obj (.text)
                  0000a130    0000008c     msp432p4xx_driverlib.lib : cs.o (.text:CS_getDCOFrequency)
                  0000a1bc    00000086     rtsv7M4_T_le_v4SPD16_eabi.lib : fd_cmp_t2.obj (.text:__aeabi_cdcmple)
                  0000a242    00000086                                   : fd_cmp_t2.obj (.text:__aeabi_cdrcmple)
                  0000a2c8    0000007c     msp432p4xx_driverlib.lib : spi.o (.text:SPI_initMaster)
                  0000a344    0000007a     rtsv7M4_T_le_v4SPD16_eabi.lib : memset_t2.obj (.text)
                  0000a3be    00000002     --HOLE-- [fill = 0]
                  0000a3c0    00000070                                   : autoinit.obj (.text)
                  0000a430    00000070                                   : printf.obj (.text)
                  0000a4a0    0000006e                                   : fd_tos_t2.obj (.text)
                  0000a50e    0000006a                                   : copy_decompress_rle.obj (.text)
                  0000a578    00000068                                   : trgmsg.obj (.text)
                  0000a5e0    00000064                                   : fseek.obj (.text)
                  0000a644    00000064                                   : s_frexp.obj (.text)
                  0000a6a8    00000060                                   : sprintf.obj (.text)
                  0000a708    00000056                                   : ltoa.obj (.text)
                  0000a75e    00000002     --HOLE-- [fill = 0]
                  0000a760    00000054                                   : boot.obj (.text)
                  0000a7b4    00000054                                   : exit.obj (.text)
                  0000a808    0000004c     msp432p4xx_driverlib.lib : gpio.o (.text:GPIO_setAsPeripheralModuleFunctionInputPin)
                  0000a854    0000004c                              : cs.o (.text:_CSGetDOCFrequency)
                  0000a8a0    0000004c     rtsv7M4_T_le_v4SPD16_eabi.lib : atoi.obj (.text)
                  0000a8ec    0000004c                                   : cpy_tbl.obj (.text)
                  0000a938    00000048     msp432p4xx_driverlib.lib : cs.o (.text:_CSGetDividerValue)
                  0000a980    00000048     rtsv7M4_T_le_v4SPD16_eabi.lib : fd_toi_t2.obj (.text)
                  0000a9c8    00000044                                   : fd_tou_t2.obj (.text)
                  0000aa0c    00000030     msp432p4xx_driverlib.lib : cs.o (.text:CS_tuneDCOFrequency)
                  0000aa3c    00000030                              : gpio.o (.text:GPIO_getEnabledInterruptStatus)
                  0000aa6c    00000030                              : spi.o (.text:is_A_Module)
                  0000aa9c    00000030     rtsv7M4_T_le_v4SPD16_eabi.lib : strncpy.obj (.text)
                  0000aacc    0000002e                                   : i_tofd_t2.obj (.text)
                  0000aafa    00000002     --HOLE-- [fill = 0]
                  0000aafc    0000002c     msp432p4xx_driverlib.lib : gpio.o (.text:GPIO_setAsInputPin)
                  0000ab28    00000028     msprf24.obj (.text:pulse_ce)
                  0000ab50    00000024     msp432p4xx_driverlib.lib : cs.o (.text:CS_clearInterruptFlag)
                  0000ab74    00000024                              : cs.o (.text:CS_setDCOCenteredFrequency)
                  0000ab98    00000024                              : gpio.o (.text:GPIO_setAsOutputPin)
                  0000abbc    00000020                              : spi.o (.text:SPI_transmitData)
                  0000abdc    00000020     rtsv7M4_T_le_v4SPD16_eabi.lib : memchr.obj (.text)
                  0000abfc    00000020                                   : u_tofd_t2.obj (.text)
                  0000ac1c    0000001c     msp432p4xx_driverlib.lib : cs.o (.text:CS_setReferenceOscillatorFrequency)
                  0000ac38    0000001c     rtsv7M4_T_le_v4SPD16_eabi.lib : memccpy.obj (.text)
                  0000ac54    0000001a     msp432p4xx_driverlib.lib : spi.o (.text:SPI_enableModule)
                  0000ac6e    0000001a                              : spi.o (.text:SPI_receiveData)
                  0000ac88    00000018                              : cs.o (.text:CS_getACLK)
                  0000aca0    00000018                              : cs.o (.text:CS_getHSMCLK)
                  0000acb8    00000018                              : cs.o (.text:CS_getSMCLK)
                  0000acd0    00000018                              : gpio.o (.text:GPIO_clearInterruptFlag)
                  0000ace8    00000018                              : gpio.o (.text:GPIO_setOutputLowOnPin)
                  0000ad00    00000018     rtsv7M4_T_le_v4SPD16_eabi.lib : args_main.obj (.text)
                  0000ad18    00000018                                   : ll_mul_t2.obj (.text)
                  0000ad30    00000018                                   : strcmp.obj (.text)
                  0000ad48    00000018                                   : strrchr.obj (.text)
                  0000ad60    00000016                                   : strchr.obj (.text)
                  0000ad76    00000002     --HOLE-- [fill = 0]
                  0000ad78    00000014     msp432p4xx_driverlib.lib : cs.o (.text:CS_setExternalClockSourceFrequency)
                  0000ad8c    00000014                              : gpio.o (.text:GPIO_enableInterrupt)
                  0000ada0    00000014                              : gpio.o (.text:GPIO_setOutputHighOnPin)
                  0000adb4    00000014     rtsv7M4_T_le_v4SPD16_eabi.lib : _lock.obj (.text)
                  0000adc8    00000014                                   : s_copysign.obj (.text)
                  0000addc    00000014                                   : strcpy.obj (.text)
                  0000adf0    00000014                                   : strlen.obj (.text)
                  0000ae04    00000010     msp432p4xx_driverlib.lib : gpio.o (.text:GPIO_getInterruptStatus)
                  0000ae14    00000010                              : interrupt.o (.text:Interrupt_enableMaster)
                  0000ae24    00000010     msprf24.obj (.text:_msprf24_crc_mask)
                  0000ae34    0000000e     rtsv7M4_T_le_v4SPD16_eabi.lib : copy_decompress_none.obj (.text:decompress:none)
                  0000ae42    0000000c     msp432p4xx_driverlib.lib : cpu.o (.text:CPU_cpsie)
                  0000ae4e    0000000c                              : spi.o (.text:EUSCI_A_SPI_enable)
                  0000ae5a    0000000c                              : spi.o (.text:EUSCI_B_SPI_enable)
                  0000ae66    0000000c     msp432_startup_ccs.obj (.text)
                  0000ae72    00000006     msp432p4xx_driverlib.lib : spi.o (.text:EUSCI_A_SPI_receiveData)
                  0000ae78    00000006                              : spi.o (.text:EUSCI_B_SPI_receiveData)
                  0000ae7e    00000006     rtsv7M4_T_le_v4SPD16_eabi.lib : copy_decompress_rle.obj (.text:decompress:rle24)
                  0000ae84    00000004     msp432p4xx_driverlib.lib : spi.o (.text:EUSCI_A_SPI_transmitData)
                  0000ae88    00000004                              : spi.o (.text:EUSCI_B_SPI_transmitData)
                  0000ae8c    00000004     msprf24.obj (.text:_msprf24_irq_mask)
                  0000ae90    00000004     rtsv7M4_T_le_v4SPD16_eabi.lib : pre_init.obj (.text)

.const     0    0000ae98    00000270     
                  0000ae98    00000101     rtsv7M4_T_le_v4SPD16_eabi.lib : ctype.obj (.const:.string:_ctypes_)
                  0000af99    00000007     --HOLE-- [fill = 0]
                  0000afa0    00000098                                   : strtod.obj (.const:$O1$$)
                  0000b038    00000030                                   : e_pow.obj (.const:$O1$$)
                  0000b068    00000030     msp432p4xx_driverlib.lib : gpio.o (.const:GPIO_PORT_TO_BASE)
                  0000b098    0000001c     main.obj (.const:SDspiConfig)
                  0000b0b4    0000001c     msp430_spi.obj (.const:spiMasterConfig)
                  0000b0d0    00000018     support.obj (.const:upConfig)
                  0000b0e8    00000010     rtsv7M4_T_le_v4SPD16_eabi.lib : _scanfi.obj (.const:$O1$$)
                  0000b0f8    00000010     support.obj (.const:continuousModeConfigB)

.cinit     0    0000b108    000000b4     
                  0000b108    0000008f     (.cinit..data.load) [load image, compression = rle]
                  0000b197    00000001     --HOLE-- [fill = 0]
                  0000b198    0000000b     (.cinit..bss.load) [load image, compression = rle]
                  0000b1a3    00000001     --HOLE-- [fill = 0]
                  0000b1a4    00000008     (__TI_handler_table)
                  0000b1ac    00000010     (__TI_cinit_table)

.init_array 
*          0    00000000    00000000     UNINITIALIZED

.bss       0    20000000    000006c0     UNINITIALIZED
                  20000000    00000234     main.obj (.bss:g_sFatFs)
                  20000234    00000224     main.obj (.bss:g_sFileObject)
                  20000458    00000120     rtsv7M4_T_le_v4SPD16_eabi.lib : trgmsg.obj (.bss:_CIOBUF_)
                  20000578    000000a0     (.common:__TI_tmpnams)
                  20000618    00000020     (.common:lightString)
                  20000638    00000018     (.common:calData)
                  20000650    00000014     (.common:temp)
                  20000664    0000000c     (.common:Light)
                  20000670    0000000c     (.common:tempData)
                  2000067c    00000008                                   : trgdrv.obj (.bss:parmbuf)
                  20000684    00000005     (.common:dht_data)
                  20000689    00000003     mmc-msp432P401r.obj (.bss)
                  2000068c    00000004     ff.obj (.bss:FatFs)
                  20000690    00000004     (.common:ACLKfreq)
                  20000694    00000004     (.common:HSMfreq)
                  20000698    00000004     (.common:SMCLKfreq)
                  2000069c    00000004     (.common:hfxtFreq)
                  200006a0    00000004     (.common:index)
                  200006a4    00000004     (.common:lfxtFreq)
                  200006a8    00000004     (.common:photoCON)
                  200006ac    00000002     ff.obj (.bss)
                  200006ae    00000002     (.common:lux)
                  200006b0    00000002     (.common:photoRAW)
                  200006b2    00000002     (.common:resultsBuffer)
                  200006b4    00000002     (.common:rtnVal)
                  200006b6    00000001     (.common:dht_current_state)
                  200006b7    00000001     (.common:dht_data_bit)
                  200006b8    00000001     (.common:dht_data_byte)
                  200006b9    00000001     (.common:rf_addr_width)
                  200006ba    00000001     (.common:rf_channel)
                  200006bb    00000001     (.common:rf_crc)
                  200006bc    00000001     (.common:rf_feature)
                  200006bd    00000001     (.common:rf_irq)
                  200006be    00000001     (.common:rf_speed_power)
                  200006bf    00000001     (.common:rf_status)

.sysmem    0    200006c0    00000400     UNINITIALIZED
                  200006c0    00000008     rtsv7M4_T_le_v4SPD16_eabi.lib : memory.obj (.sysmem)
                  200006c8    000003f8     --HOLE--

.data      0    20000ac0    0000025c     UNINITIALIZED
                  20000ac0    000000f0     rtsv7M4_T_le_v4SPD16_eabi.lib : defs.obj (.data:_ftable)
                  20000bb0    000000d0                                   : lowlev.obj (.data:$O1$$)
                  20000c80    0000004c     Baro_Temp.obj (.data)
                  20000ccc    00000011     main.obj (.data)
                  20000cdd    00000002     mmc-msp432P401r.obj (.data)
                  20000cdf    00000001     --HOLE--
                  20000ce0    00000010     rtsv7M4_T_le_v4SPD16_eabi.lib : defs.obj (.data)
                  20000cf0    0000000c                                   : exit.obj (.data:$O1$$)
                  20000cfc    0000000c                                   : memory.obj (.data:$O1$$)
                  20000d08    00000008                                   : _lock.obj (.data:$O1$$)
                  20000d10    00000004                                   : errno.obj (.data)
                  20000d14    00000004                                   : fopen.obj (.data)
                  20000d18    00000004                                   : stkdepth_vars.obj (.data)

.stack     0    2000fe00    00000200     UNINITIALIZED
                  2000fe00    00000200     --HOLE--

MODULE SUMMARY

       Module                     code    ro data   rw data
       ------                     ----    -------   -------
    .\
       ff.obj                     10776   0         6      
       msprf24.obj                3152    0         7      
       main.obj                   1508    28        1155   
       mmc-msp432P401r.obj        2176    0         5      
       Baro_Temp.obj              1708    0         96     
       Light.obj                  920     0         76     
       I2C0.obj                   940     0         0      
       support.obj                632     40        14     
       msp430_spi.obj             432     28        0      
       msp432_startup_ccs.obj     12      320       0      
       dht22.obj                  240     0         0      
    +--+--------------------------+-------+---------+---------+
       Total:                     22496   416       1359   
                                                           
    ../msp432p4xx_driverlib.lib
       cs.o                       1140    0         8      
       gpio.o                     308     48        0      
       spi.o                      300     0         0      
       interrupt.o                16      0         0      
       cpu.o                      12      0         0      
    +--+--------------------------+-------+---------+---------+
       Total:                     1776    48        8      
                                                           
    C:\ti\ccsv6\tools\compiler\ti-cgt-arm_15.12.0.LTS\lib\rtsv7M4_T_le_v4SPD16_eabi.lib
       _printfi.obj               4368    0         0      
       e_pow.obj                  2476    48        0      
       _scanfi.obj                2346    16        0      
       memory.obj                 988     0         12     
       lowlev.obj                 780     0         208    
       trgdrv.obj                 804     0         8      
       strtod.obj                 572     152       0      
       ull_div_t2.obj             500     0         0      
       strtoll.obj                484     0         0      
       fopen.obj                  452     0         4      
       fd_add_t2.obj              438     0         0      
       defs.obj                   0       0         416    
       trgmsg.obj                 104     0         288    
       e_sqrt.obj                 368     0         0      
       strtoull.obj               364     0         0      
       fd_div_t2.obj              310     0         0      
       fputs.obj                  308     0         0      
       strtol.obj                 308     0         0      
       strtoul.obj                276     0         0      
       fd_cmp_t2.obj              268     0         0      
       ctype.obj                  0       257       0      
       fd_mul_t2.obj              252     0         0      
       s_scalbn.obj               252     0         0      
       setvbuf.obj                220     0         0      
       sscanf.obj                 204     0         0      
       fflush.obj                 200     0         0      
       _io_perm.obj               172     0         0      
       memcpy_t2.obj              156     0         0      
       fclose.obj                 152     0         0      
       fputc.obj                  152     0         0      
       memset_t2.obj              122     0         0      
       autoinit.obj               112     0         0      
       copy_decompress_rle.obj    112     0         0      
       printf.obj                 112     0         0      
       fd_tos_t2.obj              110     0         0      
       fseek.obj                  100     0         0      
       s_frexp.obj                100     0         0      
       exit.obj                   84      0         12     
       sprintf.obj                96      0         0      
       ltoa.obj                   86      0         0      
       boot.obj                   84      0         0      
       atoi.obj                   76      0         0      
       cpy_tbl.obj                76      0         0      
       fd_toi_t2.obj              72      0         0      
       fd_tou_t2.obj              68      0         0      
       strncpy.obj                48      0         0      
       i_tofd_t2.obj              46      0         0      
       memchr.obj                 32      0         0      
       u_tofd_t2.obj              32      0         0      
       _lock.obj                  20      0         8      
       memccpy.obj                28      0         0      
       args_main.obj              24      0         0      
       ll_mul_t2.obj              24      0         0      
       strcmp.obj                 24      0         0      
       strrchr.obj                24      0         0      
       strchr.obj                 22      0         0      
       s_copysign.obj             20      0         0      
       strcpy.obj                 20      0         0      
       strlen.obj                 20      0         0      
       copy_decompress_none.obj   14      0         0      
       errno.obj                  0       0         4      
       pre_init.obj               4       0         0      
       stkdepth_vars.obj          0       0         4      
       mpu_init.obj               2       0         0      
       startup.obj                2       0         0      
    +--+--------------------------+-------+---------+---------+
       Total:                     20090   473       964    
                                                           
       Heap:                      0       0         1024   
       Stack:                     0       0         512    
       Linker Generated:          0       178       0      
    +--+--------------------------+-------+---------+---------+
       Grand Total:               44362   1115      3867   


LINKER GENERATED COPY TABLES

__TI_cinit_table @ 0000b1ac records: 2, size/record: 8, table size: 16
	.data: load addr=0000b108, load size=0000008f bytes, run addr=20000ac0, run size=0000025c bytes, compression=rle
	.bss: load addr=0000b198, load size=0000000b bytes, run addr=20000000, run size=000006c0 bytes, compression=rle


LINKER GENERATED HANDLER TABLE

__TI_handler_table @ 0000b1a4 records: 2, size/record: 4, table size: 8
	index: 0, handler: __TI_decompress_rle24
	index: 1, handler: __TI_decompress_none


GLOBAL SYMBOLS: SORTED ALPHABETICALLY BY Name 

address   name                                      
-------   ----                                      
20000690  ACLKfreq                                  
20000c80  ADC1                                      
20000c82  ADC2                                      
20000c84  ADC3                                      
20000c90  ADC4                                      
20000c92  ADC5                                      
20000c94  ADC6                                      
000081b5  ADC_InitFunction                          
20000c86  B1                                        
20000c88  B2                                        
20000cac  B3                                        
20000c98  B4                                        
20000cb0  B5                                        
20000cb4  B6                                        
20000c9c  B7                                        
0000a7b5  C$$EXIT                                   
0000a5a7  C$$IO$$                                   
0000ae43  CPU_cpsie                                 
0000ab51  CS_clearInterruptFlag                     
0000ac89  CS_getACLK                                
0000a131  CS_getDCOFrequency                        
0000aca1  CS_getHSMCLK                              
0000acb9  CS_getSMCLK                               
00009acd  CS_initClockSignal                        
0000ab75  CS_setDCOCenteredFrequency                
000099e5  CS_setDCOFrequency                        
0000ad79  CS_setExternalClockSourceFrequency        
0000ac1d  CS_setReferenceOscillatorFrequency        
0000aa0d  CS_tuneDCOFrequency                       
00007a4d  Debouncer                                 
000079f1  DoubleToString                            
0000ae4f  EUSCI_A_SPI_enable                        
0000ae73  EUSCI_A_SPI_receiveData                   
0000ae85  EUSCI_A_SPI_transmitData                  
0000ae5b  EUSCI_B_SPI_enable                        
0000ae79  EUSCI_B_SPI_receiveData                   
0000ae89  EUSCI_B_SPI_transmitData                  
0000acd1  GPIO_clearInterruptFlag                   
0000ad8d  GPIO_enableInterrupt                      
0000aa3d  GPIO_getEnabledInterruptStatus            
0000ae05  GPIO_getInterruptStatus                   
0000aafd  GPIO_setAsInputPin                        
0000ab99  GPIO_setAsOutputPin                       
0000a809  GPIO_setAsPeripheralModuleFunctionInputPin
0000ada1  GPIO_setOutputHighOnPin                   
0000ace9  GPIO_setOutputLowOnPin                    
000063d5  GetBaroTemp                               
000077ed  GetLightValue                             
00007e5b  HOSTclock                                 
00007e23  HOSTclose                                 
00007de5  HOSTgetenv                                
00007d89  HOSTlseek                                 
00007d37  HOSTopen                                  
00007ceb  HOSTread                                  
00007c8d  HOSTrename                                
00007c53  HOSTtime                                  
00007c09  HOSTtime64                                
00007bd1  HOSTunlink                                
00007b85  HOSTwrite                                 
20000694  HSMfreq                                   
00007441  I2C_Init                                  
00008223  I2C_InitFunc                              
00007483  I2C_Recv                                  
000074f1  I2C_Recv2                                 
00007595  I2C_Send1                                 
00007617  I2C_Send2                                 
000076cf  I2C_Send3                                 
00008305  InitFunction                              
000083a5  InitOneWire                               
0000ae15  Interrupt_enableMaster                    
20000664  Light                                     
20000c8a  MB                                        
20000c8c  MC                                        
20000c8e  MD                                        
20000cbc  P                                         
20000ccc  Refresh                                   
000069a5  RequestData                               
00006feb  SD_CardInit                               
0000b098  SDspiConfig                               
UNDEFED   SHT$$INIT_ARRAY$$Base                     
UNDEFED   SHT$$INIT_ARRAY$$Limit                    
20000698  SMCLKfreq                                 
0000ac55  SPI_enableModule                          
0000a2c9  SPI_initMaster                            
0000ac6f  SPI_receiveData                           
0000abbd  SPI_transmitData                          
20000cb8  T                                         
20000cc4  UP                                        
20000cc0  UT                                        
20000cd0  Use_SD_CARD                               
4000480c  WDTCTL_SYM                                
20000ca0  X1                                        
20000ca4  X2                                        
20000ca8  X3                                        
20000458  __CIOBUF_                                 
20010000  __STACK_END                               
00000200  __STACK_SIZE                              
00000400  __SYSMEM_SIZE                             
0000b1ac  __TI_CINIT_Base                           
0000b1bc  __TI_CINIT_Limit                          
0000b1a4  __TI_Handler_Table_Base                   
0000b1ac  __TI_Handler_Table_Limit                  
0000a3c1  __TI_auto_init                            
00008b09  __TI_cleanup                              
20000cf0  __TI_cleanup_ptr                          
0000a001  __TI_closefile                            
0000ae35  __TI_decompress_none                      
0000ae7f  __TI_decompress_rle24                     
00009d55  __TI_doflush                              
20000cf4  __TI_dtors_ptr                            
20000cf8  __TI_enable_exit_profile_output           
20000ce0  __TI_ft_end                               
ffffffff  __TI_pprof_out_hndl                       
00003963  __TI_printfi                              
ffffffff  __TI_prof_data_size                       
ffffffff  __TI_prof_data_start                      
00009e7f  __TI_rd_ok                                
0000a5ab  __TI_readmsg                              
000056a5  __TI_scanfi                               
00000000  __TI_static_base__                        
20000578  __TI_tmpnams                              
0000a579  __TI_writemsg                             
00009e1d  __TI_wrt_ok                               
0000a1bd  __aeabi_cdcmpeq                           
0000a1bd  __aeabi_cdcmple                           
0000a243  __aeabi_cdrcmple                          
0000a4a1  __aeabi_d2f                               
0000a981  __aeabi_d2iz                              
0000a9c9  __aeabi_d2uiz                             
00008c0f  __aeabi_dadd                              
00009249  __aeabi_ddiv                              
000096fd  __aeabi_dmul                              
00008c05  __aeabi_dsub                              
0000aacd  __aeabi_i2d                               
0000ad19  __aeabi_lmul                              
0000a345  __aeabi_memclr                            
0000a345  __aeabi_memclr4                           
0000a345  __aeabi_memclr8                           
00009f65  __aeabi_memcpy                            
00009f65  __aeabi_memcpy4                           
00009f65  __aeabi_memcpy8                           
0000a347  __aeabi_memset                            
0000a347  __aeabi_memset4                           
0000a347  __aeabi_memset8                           
20000cec  __aeabi_stderr                            
20000ce4  __aeabi_stdin                             
20000ce8  __aeabi_stdout                            
0000abfd  __aeabi_ui2d                              
00008669  __aeabi_uldivmod                          
ffffffff  __binit__                                 
ffffffff  __c_args__                                
00005b53  __mpu_init                                
2000fe00  __stack                                   
0000ad01  _args_main                                
0000a761  _c_int00                                  
0000ae98  _ctypes_                                  
20000ac0  _ftable                                   
20000d08  _lock                                     
0000ae25  _msprf24_crc_mask                         
0000ae8d  _msprf24_irq_mask                         
0000adc3  _nop                                      
0000adbb  _register_lock                            
0000adb5  _register_unlock                          
200006c0  _sys_memory                               
00008dbb  _system_post_cinit                        
0000ae91  _system_pre_init                          
20000d0c  _unlock                                   
0000a7b9  abort                                     
00008109  add_device                                
0000a8a1  atoi                                      
ffffffff  binit                                     
20000638  calData                                   
000078bb  calculateLighting                         
0000740d  calloc                                    
000080b9  close                                     
000003d9  clust2sect                                
0000b0f8  continuousModeConfigB                     
0000a8ed  copy_in                                   
0000adc9  copysign                                  
0000adc9  copysignl                                 
200006b6  dht_current_state                         
20000684  dht_data                                  
200006b7  dht_data_bit                              
200006b8  dht_data_byte                             
0000992f  dht_get_rh                                
000098f5  dht_get_temp                              
00009959  dht_start_read                            
00005e19  disk_initialize                           
00006179  disk_ioctl                                
00005fdb  disk_read                                 
00005fc1  disk_status                               
0000637b  disk_timerproc                            
0000608b  disk_write                                
20000d10  errno                                     
0000a7c1  exit                                      
000028ed  f_chmod                                   
00001fb5  f_close                                   
000023af  f_getfree                                 
00001fd5  f_lseek                                   
00002707  f_mkdir                                   
00001757  f_mount                                   
000017ad  f_open                                    
00002223  f_opendir                                 
000019c1  f_read                                    
000022d3  f_readdir                                 
00002a01  f_rename                                  
0000235f  f_stat                                    
00001eb9  f_sync                                    
00002511  f_truncate                                
00002605  f_unlink                                  
0000297d  f_utime                                   
00001c15  f_write                                   
0000a067  fclose                                    
00009da1  fflush                                    
00004027  flush_rx                                  
00004005  flush_tx                                  
00008b5f  fopen                                     
0000a099  fputc                                     
00009381  fputs                                     
0000715b  free                                      
00008b35  freopen                                   
0000a645  frexp                                     
0000a645  frexpl                                    
0000a5e1  fseek                                     
00000409  get_fat                                   
000063bf  get_fattime                               
00006d21  gpio_isr                                  
200006a0  index                                     
00000000  interruptVectors                          
000097f9  ldexp                                     
000097f9  ldexpl                                    
20000cdc  lightIndex                                
20000618  lightString                               
00008095  lseek                                     
0000a709  ltoa                                      
200006ae  lux                                       
00006a81  main                                      
20000d18  main_func_sp                              
000070f3  malloc                                    
00007329  memalign                                  
0000ac39  memccpy                                   
0000abdd  memchr                                    
00009f65  memcpy                                    
0000a34d  memset                                    
00007065  minit                                     
000046bb  msprf24_activate_rx                       
000046df  msprf24_activate_tx                       
0000427f  msprf24_close_pipe                        
000042db  msprf24_close_pipe_all                    
00004609  msprf24_current_state                     
0000424f  msprf24_disable_feature                   
00004215  msprf24_enable_feature                    
000047b1  msprf24_get_irq_reason                    
0000451f  msprf24_get_last_retransmits              
0000452d  msprf24_get_lostpackets                   
00004131  msprf24_init                              
000047f1  msprf24_irq_clear                         
0000453b  msprf24_is_alive                          
00004301  msprf24_open_pipe                         
0000437b  msprf24_pipe_isopen                       
00004665  msprf24_powerdown                         
000046f3  msprf24_queue_state                       
0000477d  msprf24_rx_pending                        
000046fd  msprf24_scan                              
000045e3  msprf24_set_address_width                 
000045c3  msprf24_set_channel                       
00004565  msprf24_set_config                        
000043b7  msprf24_set_pipe_packetsize               
000044f5  msprf24_set_retransmit_count              
00004459  msprf24_set_retransmit_delay              
00004595  msprf24_set_speed_power                   
00004679  msprf24_standby                           
00007fe7  open                                      
20000cc8  oss                                       
200006a8  photoCON                                  
200006b0  photoRAW                                  
0000487d  pow                                       
0000487d  powl                                      
20000cd8  pressure                                  
0000a439  printf                                    
0000ab29  pulse_ce                                  
0000052d  put_fat                                   
0000a099  putc                                      
0000a11d  putchar                                   
0000948d  puts                                      
00003c69  r_reg                                     
00003f3d  r_rx_payload                              
00003f01  r_rx_peek_payload_size                    
00007fc3  read                                      
0000721d  realloc                                   
00007f39  remove                                    
00007f9b  remove_device                             
00007f5d  rename                                    
200006b2  resultsBuffer                             
200006b9  rf_addr_width                             
200006ba  rf_channel                                
200006bb  rf_crc                                    
200006bc  rf_feature                                
200006bd  rf_irq                                    
200006be  rf_speed_power                            
200006bf  rf_status                                 
200006b4  rtnVal                                    
000097f9  scalbn                                    
000097f9  scalbnl                                   
00009bad  setvbuf                                   
0000b0b4  spiMasterConfig                           
00006fbd  spi_Open                                  
00008dbd  spi_init                                  
00008de9  spi_transfer                              
00008e0b  spi_transfer16                            
00008e55  spi_transfer9                             
0000a6a9  sprintf                                   
00008f6d  sqrt                                      
00008f6d  sqrtl                                     
00009c9b  sscanf                                    
0000ad61  strchr                                    
0000ad31  strcmp                                    
0000addd  strcpy                                    
0000adf1  strlen                                    
0000aa9d  strncpy                                   
0000ad49  strrchr                                   
0000842d  strtod                                    
000094b5  strtol                                    
0000842d  strtold                                   
0000885d  strtoll                                   
000095e9  strtoul                                   
000090dd  strtoull                                  
20000650  temp                                      
20000670  tempData                                  
20000cd4  temperature                               
00006e21  timer0_a0_isr                             
00006fa1  timer_b_0_isr                             
0000404d  tx_reuse_lastpayload                      
00007f39  unlink                                    
0000b0d0  upConfig                                  
00009c89  vsscanf                                   
0000406f  w_ack_payload                             
00003cb3  w_reg                                     
00003d47  w_rx_addr                                 
00003cff  w_tx_addr                                 
00003dbd  w_tx_payload                              
00003e5b  w_tx_payload_noack                        
00007ea9  write                                     


GLOBAL SYMBOLS: SORTED BY Symbol Address 

address   name                                      
-------   ----                                      
00000000  __TI_static_base__                        
00000000  interruptVectors                          
00000200  __STACK_SIZE                              
000003d9  clust2sect                                
00000400  __SYSMEM_SIZE                             
00000409  get_fat                                   
0000052d  put_fat                                   
00001757  f_mount                                   
000017ad  f_open                                    
000019c1  f_read                                    
00001c15  f_write                                   
00001eb9  f_sync                                    
00001fb5  f_close                                   
00001fd5  f_lseek                                   
00002223  f_opendir                                 
000022d3  f_readdir                                 
0000235f  f_stat                                    
000023af  f_getfree                                 
00002511  f_truncate                                
00002605  f_unlink                                  
00002707  f_mkdir                                   
000028ed  f_chmod                                   
0000297d  f_utime                                   
00002a01  f_rename                                  
00003963  __TI_printfi                              
00003c69  r_reg                                     
00003cb3  w_reg                                     
00003cff  w_tx_addr                                 
00003d47  w_rx_addr                                 
00003dbd  w_tx_payload                              
00003e5b  w_tx_payload_noack                        
00003f01  r_rx_peek_payload_size                    
00003f3d  r_rx_payload                              
00004005  flush_tx                                  
00004027  flush_rx                                  
0000404d  tx_reuse_lastpayload                      
0000406f  w_ack_payload                             
00004131  msprf24_init                              
00004215  msprf24_enable_feature                    
0000424f  msprf24_disable_feature                   
0000427f  msprf24_close_pipe                        
000042db  msprf24_close_pipe_all                    
00004301  msprf24_open_pipe                         
0000437b  msprf24_pipe_isopen                       
000043b7  msprf24_set_pipe_packetsize               
00004459  msprf24_set_retransmit_delay              
000044f5  msprf24_set_retransmit_count              
0000451f  msprf24_get_last_retransmits              
0000452d  msprf24_get_lostpackets                   
0000453b  msprf24_is_alive                          
00004565  msprf24_set_config                        
00004595  msprf24_set_speed_power                   
000045c3  msprf24_set_channel                       
000045e3  msprf24_set_address_width                 
00004609  msprf24_current_state                     
00004665  msprf24_powerdown                         
00004679  msprf24_standby                           
000046bb  msprf24_activate_rx                       
000046df  msprf24_activate_tx                       
000046f3  msprf24_queue_state                       
000046fd  msprf24_scan                              
0000477d  msprf24_rx_pending                        
000047b1  msprf24_get_irq_reason                    
000047f1  msprf24_irq_clear                         
0000487d  pow                                       
0000487d  powl                                      
000056a5  __TI_scanfi                               
00005b53  __mpu_init                                
00005e19  disk_initialize                           
00005fc1  disk_status                               
00005fdb  disk_read                                 
0000608b  disk_write                                
00006179  disk_ioctl                                
0000637b  disk_timerproc                            
000063bf  get_fattime                               
000063d5  GetBaroTemp                               
000069a5  RequestData                               
00006a81  main                                      
00006d21  gpio_isr                                  
00006e21  timer0_a0_isr                             
00006fa1  timer_b_0_isr                             
00006fbd  spi_Open                                  
00006feb  SD_CardInit                               
00007065  minit                                     
000070f3  malloc                                    
0000715b  free                                      
0000721d  realloc                                   
00007329  memalign                                  
0000740d  calloc                                    
00007441  I2C_Init                                  
00007483  I2C_Recv                                  
000074f1  I2C_Recv2                                 
00007595  I2C_Send1                                 
00007617  I2C_Send2                                 
000076cf  I2C_Send3                                 
000077ed  GetLightValue                             
000078bb  calculateLighting                         
000079f1  DoubleToString                            
00007a4d  Debouncer                                 
00007b85  HOSTwrite                                 
00007bd1  HOSTunlink                                
00007c09  HOSTtime64                                
00007c53  HOSTtime                                  
00007c8d  HOSTrename                                
00007ceb  HOSTread                                  
00007d37  HOSTopen                                  
00007d89  HOSTlseek                                 
00007de5  HOSTgetenv                                
00007e23  HOSTclose                                 
00007e5b  HOSTclock                                 
00007ea9  write                                     
00007f39  remove                                    
00007f39  unlink                                    
00007f5d  rename                                    
00007f9b  remove_device                             
00007fc3  read                                      
00007fe7  open                                      
00008095  lseek                                     
000080b9  close                                     
00008109  add_device                                
000081b5  ADC_InitFunction                          
00008223  I2C_InitFunc                              
00008305  InitFunction                              
000083a5  InitOneWire                               
0000842d  strtod                                    
0000842d  strtold                                   
00008669  __aeabi_uldivmod                          
0000885d  strtoll                                   
00008b09  __TI_cleanup                              
00008b35  freopen                                   
00008b5f  fopen                                     
00008c05  __aeabi_dsub                              
00008c0f  __aeabi_dadd                              
00008dbb  _system_post_cinit                        
00008dbd  spi_init                                  
00008de9  spi_transfer                              
00008e0b  spi_transfer16                            
00008e55  spi_transfer9                             
00008f6d  sqrt                                      
00008f6d  sqrtl                                     
000090dd  strtoull                                  
00009249  __aeabi_ddiv                              
00009381  fputs                                     
0000948d  puts                                      
000094b5  strtol                                    
000095e9  strtoul                                   
000096fd  __aeabi_dmul                              
000097f9  ldexp                                     
000097f9  ldexpl                                    
000097f9  scalbn                                    
000097f9  scalbnl                                   
000098f5  dht_get_temp                              
0000992f  dht_get_rh                                
00009959  dht_start_read                            
000099e5  CS_setDCOFrequency                        
00009acd  CS_initClockSignal                        
00009bad  setvbuf                                   
00009c89  vsscanf                                   
00009c9b  sscanf                                    
00009d55  __TI_doflush                              
00009da1  fflush                                    
00009e1d  __TI_wrt_ok                               
00009e7f  __TI_rd_ok                                
00009f65  __aeabi_memcpy                            
00009f65  __aeabi_memcpy4                           
00009f65  __aeabi_memcpy8                           
00009f65  memcpy                                    
0000a001  __TI_closefile                            
0000a067  fclose                                    
0000a099  fputc                                     
0000a099  putc                                      
0000a11d  putchar                                   
0000a131  CS_getDCOFrequency                        
0000a1bd  __aeabi_cdcmpeq                           
0000a1bd  __aeabi_cdcmple                           
0000a243  __aeabi_cdrcmple                          
0000a2c9  SPI_initMaster                            
0000a345  __aeabi_memclr                            
0000a345  __aeabi_memclr4                           
0000a345  __aeabi_memclr8                           
0000a347  __aeabi_memset                            
0000a347  __aeabi_memset4                           
0000a347  __aeabi_memset8                           
0000a34d  memset                                    
0000a3c1  __TI_auto_init                            
0000a439  printf                                    
0000a4a1  __aeabi_d2f                               
0000a579  __TI_writemsg                             
0000a5a7  C$$IO$$                                   
0000a5ab  __TI_readmsg                              
0000a5e1  fseek                                     
0000a645  frexp                                     
0000a645  frexpl                                    
0000a6a9  sprintf                                   
0000a709  ltoa                                      
0000a761  _c_int00                                  
0000a7b5  C$$EXIT                                   
0000a7b9  abort                                     
0000a7c1  exit                                      
0000a809  GPIO_setAsPeripheralModuleFunctionInputPin
0000a8a1  atoi                                      
0000a8ed  copy_in                                   
0000a981  __aeabi_d2iz                              
0000a9c9  __aeabi_d2uiz                             
0000aa0d  CS_tuneDCOFrequency                       
0000aa3d  GPIO_getEnabledInterruptStatus            
0000aa9d  strncpy                                   
0000aacd  __aeabi_i2d                               
0000aafd  GPIO_setAsInputPin                        
0000ab29  pulse_ce                                  
0000ab51  CS_clearInterruptFlag                     
0000ab75  CS_setDCOCenteredFrequency                
0000ab99  GPIO_setAsOutputPin                       
0000abbd  SPI_transmitData                          
0000abdd  memchr                                    
0000abfd  __aeabi_ui2d                              
0000ac1d  CS_setReferenceOscillatorFrequency        
0000ac39  memccpy                                   
0000ac55  SPI_enableModule                          
0000ac6f  SPI_receiveData                           
0000ac89  CS_getACLK                                
0000aca1  CS_getHSMCLK                              
0000acb9  CS_getSMCLK                               
0000acd1  GPIO_clearInterruptFlag                   
0000ace9  GPIO_setOutputLowOnPin                    
0000ad01  _args_main                                
0000ad19  __aeabi_lmul                              
0000ad31  strcmp                                    
0000ad49  strrchr                                   
0000ad61  strchr                                    
0000ad79  CS_setExternalClockSourceFrequency        
0000ad8d  GPIO_enableInterrupt                      
0000ada1  GPIO_setOutputHighOnPin                   
0000adb5  _register_unlock                          
0000adbb  _register_lock                            
0000adc3  _nop                                      
0000adc9  copysign                                  
0000adc9  copysignl                                 
0000addd  strcpy                                    
0000adf1  strlen                                    
0000ae05  GPIO_getInterruptStatus                   
0000ae15  Interrupt_enableMaster                    
0000ae25  _msprf24_crc_mask                         
0000ae35  __TI_decompress_none                      
0000ae43  CPU_cpsie                                 
0000ae4f  EUSCI_A_SPI_enable                        
0000ae5b  EUSCI_B_SPI_enable                        
0000ae73  EUSCI_A_SPI_receiveData                   
0000ae79  EUSCI_B_SPI_receiveData                   
0000ae7f  __TI_decompress_rle24                     
0000ae85  EUSCI_A_SPI_transmitData                  
0000ae89  EUSCI_B_SPI_transmitData                  
0000ae8d  _msprf24_irq_mask                         
0000ae91  _system_pre_init                          
0000ae98  _ctypes_                                  
0000b098  SDspiConfig                               
0000b0b4  spiMasterConfig                           
0000b0d0  upConfig                                  
0000b0f8  continuousModeConfigB                     
0000b1a4  __TI_Handler_Table_Base                   
0000b1ac  __TI_CINIT_Base                           
0000b1ac  __TI_Handler_Table_Limit                  
0000b1bc  __TI_CINIT_Limit                          
20000458  __CIOBUF_                                 
20000578  __TI_tmpnams                              
20000618  lightString                               
20000638  calData                                   
20000650  temp                                      
20000664  Light                                     
20000670  tempData                                  
20000684  dht_data                                  
20000690  ACLKfreq                                  
20000694  HSMfreq                                   
20000698  SMCLKfreq                                 
200006a0  index                                     
200006a8  photoCON                                  
200006ae  lux                                       
200006b0  photoRAW                                  
200006b2  resultsBuffer                             
200006b4  rtnVal                                    
200006b6  dht_current_state                         
200006b7  dht_data_bit                              
200006b8  dht_data_byte                             
200006b9  rf_addr_width                             
200006ba  rf_channel                                
200006bb  rf_crc                                    
200006bc  rf_feature                                
200006bd  rf_irq                                    
200006be  rf_speed_power                            
200006bf  rf_status                                 
200006c0  _sys_memory                               
20000ac0  _ftable                                   
20000c80  ADC1                                      
20000c82  ADC2                                      
20000c84  ADC3                                      
20000c86  B1                                        
20000c88  B2                                        
20000c8a  MB                                        
20000c8c  MC                                        
20000c8e  MD                                        
20000c90  ADC4                                      
20000c92  ADC5                                      
20000c94  ADC6                                      
20000c98  B4                                        
20000c9c  B7                                        
20000ca0  X1                                        
20000ca4  X2                                        
20000ca8  X3                                        
20000cac  B3                                        
20000cb0  B5                                        
20000cb4  B6                                        
20000cb8  T                                         
20000cbc  P                                         
20000cc0  UT                                        
20000cc4  UP                                        
20000cc8  oss                                       
20000ccc  Refresh                                   
20000cd0  Use_SD_CARD                               
20000cd4  temperature                               
20000cd8  pressure                                  
20000cdc  lightIndex                                
20000ce0  __TI_ft_end                               
20000ce4  __aeabi_stdin                             
20000ce8  __aeabi_stdout                            
20000cec  __aeabi_stderr                            
20000cf0  __TI_cleanup_ptr                          
20000cf4  __TI_dtors_ptr                            
20000cf8  __TI_enable_exit_profile_output           
20000d08  _lock                                     
20000d0c  _unlock                                   
20000d10  errno                                     
20000d18  main_func_sp                              
2000fe00  __stack                                   
20010000  __STACK_END                               
4000480c  WDTCTL_SYM                                
ffffffff  __TI_pprof_out_hndl                       
ffffffff  __TI_prof_data_size                       
ffffffff  __TI_prof_data_start                      
ffffffff  __binit__                                 
ffffffff  __c_args__                                
ffffffff  binit                                     
UNDEFED   SHT$$INIT_ARRAY$$Base                     
UNDEFED   SHT$$INIT_ARRAY$$Limit                    

[343 symbols]
