<?xml version="1.0"?>
<link_info>
   <banner>TI ARM Linker PC v15.12.0.LTS</banner>
   <copyright>Copyright (c) 1996-2015 Texas Instruments Incorporated</copyright>
   <link_time>0x56ef7677</link_time>
   <link_errors>0x0</link_errors>
   <output_file>Project 1 Remote.out</output_file>
   <entry_point>
      <name>_c_int00</name>
      <address>0x7329</address>
   </entry_point>
   <input_file_list>
      <input_file id="fl-2">
         <path>.\</path>
         <kind>object</kind>
         <file>Baro_Temp.obj</file>
         <name>Baro_Temp.obj</name>
      </input_file>
      <input_file id="fl-3">
         <path>.\</path>
         <kind>object</kind>
         <file>I2C0.obj</file>
         <name>I2C0.obj</name>
      </input_file>
      <input_file id="fl-4">
         <path>.\</path>
         <kind>object</kind>
         <file>Light.obj</file>
         <name>Light.obj</name>
      </input_file>
      <input_file id="fl-5">
         <path>.\</path>
         <kind>object</kind>
         <file>dht22.obj</file>
         <name>dht22.obj</name>
      </input_file>
      <input_file id="fl-6">
         <path>.\</path>
         <kind>object</kind>
         <file>main.obj</file>
         <name>main.obj</name>
      </input_file>
      <input_file id="fl-7">
         <path>.\</path>
         <kind>object</kind>
         <file>msp430_spi.obj</file>
         <name>msp430_spi.obj</name>
      </input_file>
      <input_file id="fl-8">
         <path>.\</path>
         <kind>object</kind>
         <file>msp432_startup_ccs.obj</file>
         <name>msp432_startup_ccs.obj</name>
      </input_file>
      <input_file id="fl-9">
         <path>.\</path>
         <kind>object</kind>
         <file>msprf24.obj</file>
         <name>msprf24.obj</name>
      </input_file>
      <input_file id="fl-a">
         <path>.\</path>
         <kind>object</kind>
         <file>support.obj</file>
         <name>support.obj</name>
      </input_file>
      <input_file id="fl-10">
         <path>..\</path>
         <kind>archive</kind>
         <file>msp432p4xx_driverlib.lib</file>
         <name>cs.o</name>
      </input_file>
      <input_file id="fl-11">
         <path>..\</path>
         <kind>archive</kind>
         <file>msp432p4xx_driverlib.lib</file>
         <name>gpio.o</name>
      </input_file>
      <input_file id="fl-12">
         <path>..\</path>
         <kind>archive</kind>
         <file>msp432p4xx_driverlib.lib</file>
         <name>interrupt.o</name>
      </input_file>
      <input_file id="fl-13">
         <path>..\</path>
         <kind>archive</kind>
         <file>msp432p4xx_driverlib.lib</file>
         <name>spi.o</name>
      </input_file>
      <input_file id="fl-14">
         <path>..\</path>
         <kind>archive</kind>
         <file>msp432p4xx_driverlib.lib</file>
         <name>sysctl.o</name>
      </input_file>
      <input_file id="fl-15">
         <path>..\</path>
         <kind>archive</kind>
         <file>msp432p4xx_driverlib.lib</file>
         <name>cpu.o</name>
      </input_file>
      <input_file id="fl-cb">
         <path>C:\ti\ccsv6\tools\compiler\ti-cgt-arm_15.12.0.LTS\lib\</path>
         <kind>archive</kind>
         <file>rtsv7M4_T_le_v4SPD16_eabi.lib</file>
         <name>boot.obj</name>
      </input_file>
      <input_file id="fl-cc">
         <path>C:\ti\ccsv6\tools\compiler\ti-cgt-arm_15.12.0.LTS\lib\</path>
         <kind>archive</kind>
         <file>rtsv7M4_T_le_v4SPD16_eabi.lib</file>
         <name>copy_decompress_none.obj</name>
      </input_file>
      <input_file id="fl-cd">
         <path>C:\ti\ccsv6\tools\compiler\ti-cgt-arm_15.12.0.LTS\lib\</path>
         <kind>archive</kind>
         <file>rtsv7M4_T_le_v4SPD16_eabi.lib</file>
         <name>copy_decompress_rle.obj</name>
      </input_file>
      <input_file id="fl-ce">
         <path>C:\ti\ccsv6\tools\compiler\ti-cgt-arm_15.12.0.LTS\lib\</path>
         <kind>archive</kind>
         <file>rtsv7M4_T_le_v4SPD16_eabi.lib</file>
         <name>copy_zero_init.obj</name>
      </input_file>
      <input_file id="fl-cf">
         <path>C:\ti\ccsv6\tools\compiler\ti-cgt-arm_15.12.0.LTS\lib\</path>
         <kind>archive</kind>
         <file>rtsv7M4_T_le_v4SPD16_eabi.lib</file>
         <name>e_pow.obj</name>
      </input_file>
      <input_file id="fl-d0">
         <path>C:\ti\ccsv6\tools\compiler\ti-cgt-arm_15.12.0.LTS\lib\</path>
         <kind>archive</kind>
         <file>rtsv7M4_T_le_v4SPD16_eabi.lib</file>
         <name>e_sqrt.obj</name>
      </input_file>
      <input_file id="fl-d1">
         <path>C:\ti\ccsv6\tools\compiler\ti-cgt-arm_15.12.0.LTS\lib\</path>
         <kind>archive</kind>
         <file>rtsv7M4_T_le_v4SPD16_eabi.lib</file>
         <name>errno.obj</name>
      </input_file>
      <input_file id="fl-d2">
         <path>C:\ti\ccsv6\tools\compiler\ti-cgt-arm_15.12.0.LTS\lib\</path>
         <kind>archive</kind>
         <file>rtsv7M4_T_le_v4SPD16_eabi.lib</file>
         <name>exit.obj</name>
      </input_file>
      <input_file id="fl-d3">
         <path>C:\ti\ccsv6\tools\compiler\ti-cgt-arm_15.12.0.LTS\lib\</path>
         <kind>archive</kind>
         <file>rtsv7M4_T_le_v4SPD16_eabi.lib</file>
         <name>fd_add_t2.obj</name>
      </input_file>
      <input_file id="fl-d4">
         <path>C:\ti\ccsv6\tools\compiler\ti-cgt-arm_15.12.0.LTS\lib\</path>
         <kind>archive</kind>
         <file>rtsv7M4_T_le_v4SPD16_eabi.lib</file>
         <name>fd_cmp_t2.obj</name>
      </input_file>
      <input_file id="fl-d5">
         <path>C:\ti\ccsv6\tools\compiler\ti-cgt-arm_15.12.0.LTS\lib\</path>
         <kind>archive</kind>
         <file>rtsv7M4_T_le_v4SPD16_eabi.lib</file>
         <name>fd_div_t2.obj</name>
      </input_file>
      <input_file id="fl-d6">
         <path>C:\ti\ccsv6\tools\compiler\ti-cgt-arm_15.12.0.LTS\lib\</path>
         <kind>archive</kind>
         <file>rtsv7M4_T_le_v4SPD16_eabi.lib</file>
         <name>fd_mul_t2.obj</name>
      </input_file>
      <input_file id="fl-d7">
         <path>C:\ti\ccsv6\tools\compiler\ti-cgt-arm_15.12.0.LTS\lib\</path>
         <kind>archive</kind>
         <file>rtsv7M4_T_le_v4SPD16_eabi.lib</file>
         <name>fd_toi_t2.obj</name>
      </input_file>
      <input_file id="fl-d8">
         <path>C:\ti\ccsv6\tools\compiler\ti-cgt-arm_15.12.0.LTS\lib\</path>
         <kind>archive</kind>
         <file>rtsv7M4_T_le_v4SPD16_eabi.lib</file>
         <name>fd_tou_t2.obj</name>
      </input_file>
      <input_file id="fl-d9">
         <path>C:\ti\ccsv6\tools\compiler\ti-cgt-arm_15.12.0.LTS\lib\</path>
         <kind>archive</kind>
         <file>rtsv7M4_T_le_v4SPD16_eabi.lib</file>
         <name>i_tofd_t2.obj</name>
      </input_file>
      <input_file id="fl-da">
         <path>C:\ti\ccsv6\tools\compiler\ti-cgt-arm_15.12.0.LTS\lib\</path>
         <kind>archive</kind>
         <file>rtsv7M4_T_le_v4SPD16_eabi.lib</file>
         <name>memcpy_t2.obj</name>
      </input_file>
      <input_file id="fl-db">
         <path>C:\ti\ccsv6\tools\compiler\ti-cgt-arm_15.12.0.LTS\lib\</path>
         <kind>archive</kind>
         <file>rtsv7M4_T_le_v4SPD16_eabi.lib</file>
         <name>memset_t2.obj</name>
      </input_file>
      <input_file id="fl-dc">
         <path>C:\ti\ccsv6\tools\compiler\ti-cgt-arm_15.12.0.LTS\lib\</path>
         <kind>archive</kind>
         <file>rtsv7M4_T_le_v4SPD16_eabi.lib</file>
         <name>mpu_init.obj</name>
      </input_file>
      <input_file id="fl-dd">
         <path>C:\ti\ccsv6\tools\compiler\ti-cgt-arm_15.12.0.LTS\lib\</path>
         <kind>archive</kind>
         <file>rtsv7M4_T_le_v4SPD16_eabi.lib</file>
         <name>pre_init.obj</name>
      </input_file>
      <input_file id="fl-de">
         <path>C:\ti\ccsv6\tools\compiler\ti-cgt-arm_15.12.0.LTS\lib\</path>
         <kind>archive</kind>
         <file>rtsv7M4_T_le_v4SPD16_eabi.lib</file>
         <name>printf.obj</name>
      </input_file>
      <input_file id="fl-df">
         <path>C:\ti\ccsv6\tools\compiler\ti-cgt-arm_15.12.0.LTS\lib\</path>
         <kind>archive</kind>
         <file>rtsv7M4_T_le_v4SPD16_eabi.lib</file>
         <name>s_scalbn.obj</name>
      </input_file>
      <input_file id="fl-e0">
         <path>C:\ti\ccsv6\tools\compiler\ti-cgt-arm_15.12.0.LTS\lib\</path>
         <kind>archive</kind>
         <file>rtsv7M4_T_le_v4SPD16_eabi.lib</file>
         <name>sprintf.obj</name>
      </input_file>
      <input_file id="fl-e1">
         <path>C:\ti\ccsv6\tools\compiler\ti-cgt-arm_15.12.0.LTS\lib\</path>
         <kind>archive</kind>
         <file>rtsv7M4_T_le_v4SPD16_eabi.lib</file>
         <name>sscanf.obj</name>
      </input_file>
      <input_file id="fl-e2">
         <path>C:\ti\ccsv6\tools\compiler\ti-cgt-arm_15.12.0.LTS\lib\</path>
         <kind>archive</kind>
         <file>rtsv7M4_T_le_v4SPD16_eabi.lib</file>
         <name>stkdepth_vars.obj</name>
      </input_file>
      <input_file id="fl-e3">
         <path>C:\ti\ccsv6\tools\compiler\ti-cgt-arm_15.12.0.LTS\lib\</path>
         <kind>archive</kind>
         <file>rtsv7M4_T_le_v4SPD16_eabi.lib</file>
         <name>strcpy.obj</name>
      </input_file>
      <input_file id="fl-e4">
         <path>C:\ti\ccsv6\tools\compiler\ti-cgt-arm_15.12.0.LTS\lib\</path>
         <kind>archive</kind>
         <file>rtsv7M4_T_le_v4SPD16_eabi.lib</file>
         <name>u_tofd_t2.obj</name>
      </input_file>
      <input_file id="fl-e5">
         <path>C:\ti\ccsv6\tools\compiler\ti-cgt-arm_15.12.0.LTS\lib\</path>
         <kind>archive</kind>
         <file>rtsv7M4_T_le_v4SPD16_eabi.lib</file>
         <name>_lock.obj</name>
      </input_file>
      <input_file id="fl-e6">
         <path>C:\ti\ccsv6\tools\compiler\ti-cgt-arm_15.12.0.LTS\lib\</path>
         <kind>archive</kind>
         <file>rtsv7M4_T_le_v4SPD16_eabi.lib</file>
         <name>_printfi.obj</name>
      </input_file>
      <input_file id="fl-e7">
         <path>C:\ti\ccsv6\tools\compiler\ti-cgt-arm_15.12.0.LTS\lib\</path>
         <kind>archive</kind>
         <file>rtsv7M4_T_le_v4SPD16_eabi.lib</file>
         <name>_scanfi.obj</name>
      </input_file>
      <input_file id="fl-e8">
         <path>C:\ti\ccsv6\tools\compiler\ti-cgt-arm_15.12.0.LTS\lib\</path>
         <kind>archive</kind>
         <file>rtsv7M4_T_le_v4SPD16_eabi.lib</file>
         <name>args_main.obj</name>
      </input_file>
      <input_file id="fl-e9">
         <path>C:\ti\ccsv6\tools\compiler\ti-cgt-arm_15.12.0.LTS\lib\</path>
         <kind>archive</kind>
         <file>rtsv7M4_T_le_v4SPD16_eabi.lib</file>
         <name>atoi.obj</name>
      </input_file>
      <input_file id="fl-ea">
         <path>C:\ti\ccsv6\tools\compiler\ti-cgt-arm_15.12.0.LTS\lib\</path>
         <kind>archive</kind>
         <file>rtsv7M4_T_le_v4SPD16_eabi.lib</file>
         <name>autoinit.obj</name>
      </input_file>
      <input_file id="fl-eb">
         <path>C:\ti\ccsv6\tools\compiler\ti-cgt-arm_15.12.0.LTS\lib\</path>
         <kind>archive</kind>
         <file>rtsv7M4_T_le_v4SPD16_eabi.lib</file>
         <name>cpy_tbl.obj</name>
      </input_file>
      <input_file id="fl-ec">
         <path>C:\ti\ccsv6\tools\compiler\ti-cgt-arm_15.12.0.LTS\lib\</path>
         <kind>archive</kind>
         <file>rtsv7M4_T_le_v4SPD16_eabi.lib</file>
         <name>ctype.obj</name>
      </input_file>
      <input_file id="fl-ed">
         <path>C:\ti\ccsv6\tools\compiler\ti-cgt-arm_15.12.0.LTS\lib\</path>
         <kind>archive</kind>
         <file>rtsv7M4_T_le_v4SPD16_eabi.lib</file>
         <name>defs.obj</name>
      </input_file>
      <input_file id="fl-ee">
         <path>C:\ti\ccsv6\tools\compiler\ti-cgt-arm_15.12.0.LTS\lib\</path>
         <kind>archive</kind>
         <file>rtsv7M4_T_le_v4SPD16_eabi.lib</file>
         <name>fd_tos_t2.obj</name>
      </input_file>
      <input_file id="fl-ef">
         <path>C:\ti\ccsv6\tools\compiler\ti-cgt-arm_15.12.0.LTS\lib\</path>
         <kind>archive</kind>
         <file>rtsv7M4_T_le_v4SPD16_eabi.lib</file>
         <name>fputc.obj</name>
      </input_file>
      <input_file id="fl-f0">
         <path>C:\ti\ccsv6\tools\compiler\ti-cgt-arm_15.12.0.LTS\lib\</path>
         <kind>archive</kind>
         <file>rtsv7M4_T_le_v4SPD16_eabi.lib</file>
         <name>fputs.obj</name>
      </input_file>
      <input_file id="fl-f1">
         <path>C:\ti\ccsv6\tools\compiler\ti-cgt-arm_15.12.0.LTS\lib\</path>
         <kind>archive</kind>
         <file>rtsv7M4_T_le_v4SPD16_eabi.lib</file>
         <name>lowlev.obj</name>
      </input_file>
      <input_file id="fl-f2">
         <path>C:\ti\ccsv6\tools\compiler\ti-cgt-arm_15.12.0.LTS\lib\</path>
         <kind>archive</kind>
         <file>rtsv7M4_T_le_v4SPD16_eabi.lib</file>
         <name>ltoa.obj</name>
      </input_file>
      <input_file id="fl-f3">
         <path>C:\ti\ccsv6\tools\compiler\ti-cgt-arm_15.12.0.LTS\lib\</path>
         <kind>archive</kind>
         <file>rtsv7M4_T_le_v4SPD16_eabi.lib</file>
         <name>memccpy.obj</name>
      </input_file>
      <input_file id="fl-f4">
         <path>C:\ti\ccsv6\tools\compiler\ti-cgt-arm_15.12.0.LTS\lib\</path>
         <kind>archive</kind>
         <file>rtsv7M4_T_le_v4SPD16_eabi.lib</file>
         <name>memchr.obj</name>
      </input_file>
      <input_file id="fl-f5">
         <path>C:\ti\ccsv6\tools\compiler\ti-cgt-arm_15.12.0.LTS\lib\</path>
         <kind>archive</kind>
         <file>rtsv7M4_T_le_v4SPD16_eabi.lib</file>
         <name>s_copysign.obj</name>
      </input_file>
      <input_file id="fl-f6">
         <path>C:\ti\ccsv6\tools\compiler\ti-cgt-arm_15.12.0.LTS\lib\</path>
         <kind>archive</kind>
         <file>rtsv7M4_T_le_v4SPD16_eabi.lib</file>
         <name>s_frexp.obj</name>
      </input_file>
      <input_file id="fl-f7">
         <path>C:\ti\ccsv6\tools\compiler\ti-cgt-arm_15.12.0.LTS\lib\</path>
         <kind>archive</kind>
         <file>rtsv7M4_T_le_v4SPD16_eabi.lib</file>
         <name>startup.obj</name>
      </input_file>
      <input_file id="fl-f8">
         <path>C:\ti\ccsv6\tools\compiler\ti-cgt-arm_15.12.0.LTS\lib\</path>
         <kind>archive</kind>
         <file>rtsv7M4_T_le_v4SPD16_eabi.lib</file>
         <name>strchr.obj</name>
      </input_file>
      <input_file id="fl-f9">
         <path>C:\ti\ccsv6\tools\compiler\ti-cgt-arm_15.12.0.LTS\lib\</path>
         <kind>archive</kind>
         <file>rtsv7M4_T_le_v4SPD16_eabi.lib</file>
         <name>strcmp.obj</name>
      </input_file>
      <input_file id="fl-fa">
         <path>C:\ti\ccsv6\tools\compiler\ti-cgt-arm_15.12.0.LTS\lib\</path>
         <kind>archive</kind>
         <file>rtsv7M4_T_le_v4SPD16_eabi.lib</file>
         <name>strlen.obj</name>
      </input_file>
      <input_file id="fl-fb">
         <path>C:\ti\ccsv6\tools\compiler\ti-cgt-arm_15.12.0.LTS\lib\</path>
         <kind>archive</kind>
         <file>rtsv7M4_T_le_v4SPD16_eabi.lib</file>
         <name>strncpy.obj</name>
      </input_file>
      <input_file id="fl-fc">
         <path>C:\ti\ccsv6\tools\compiler\ti-cgt-arm_15.12.0.LTS\lib\</path>
         <kind>archive</kind>
         <file>rtsv7M4_T_le_v4SPD16_eabi.lib</file>
         <name>strrchr.obj</name>
      </input_file>
      <input_file id="fl-fd">
         <path>C:\ti\ccsv6\tools\compiler\ti-cgt-arm_15.12.0.LTS\lib\</path>
         <kind>archive</kind>
         <file>rtsv7M4_T_le_v4SPD16_eabi.lib</file>
         <name>strtod.obj</name>
      </input_file>
      <input_file id="fl-fe">
         <path>C:\ti\ccsv6\tools\compiler\ti-cgt-arm_15.12.0.LTS\lib\</path>
         <kind>archive</kind>
         <file>rtsv7M4_T_le_v4SPD16_eabi.lib</file>
         <name>strtol.obj</name>
      </input_file>
      <input_file id="fl-ff">
         <path>C:\ti\ccsv6\tools\compiler\ti-cgt-arm_15.12.0.LTS\lib\</path>
         <kind>archive</kind>
         <file>rtsv7M4_T_le_v4SPD16_eabi.lib</file>
         <name>strtoll.obj</name>
      </input_file>
      <input_file id="fl-100">
         <path>C:\ti\ccsv6\tools\compiler\ti-cgt-arm_15.12.0.LTS\lib\</path>
         <kind>archive</kind>
         <file>rtsv7M4_T_le_v4SPD16_eabi.lib</file>
         <name>strtoul.obj</name>
      </input_file>
      <input_file id="fl-101">
         <path>C:\ti\ccsv6\tools\compiler\ti-cgt-arm_15.12.0.LTS\lib\</path>
         <kind>archive</kind>
         <file>rtsv7M4_T_le_v4SPD16_eabi.lib</file>
         <name>strtoull.obj</name>
      </input_file>
      <input_file id="fl-102">
         <path>C:\ti\ccsv6\tools\compiler\ti-cgt-arm_15.12.0.LTS\lib\</path>
         <kind>archive</kind>
         <file>rtsv7M4_T_le_v4SPD16_eabi.lib</file>
         <name>trgdrv.obj</name>
      </input_file>
      <input_file id="fl-103">
         <path>C:\ti\ccsv6\tools\compiler\ti-cgt-arm_15.12.0.LTS\lib\</path>
         <kind>archive</kind>
         <file>rtsv7M4_T_le_v4SPD16_eabi.lib</file>
         <name>trgmsg.obj</name>
      </input_file>
      <input_file id="fl-104">
         <path>C:\ti\ccsv6\tools\compiler\ti-cgt-arm_15.12.0.LTS\lib\</path>
         <kind>archive</kind>
         <file>rtsv7M4_T_le_v4SPD16_eabi.lib</file>
         <name>ull_div_t2.obj</name>
      </input_file>
      <input_file id="fl-105">
         <path>C:\ti\ccsv6\tools\compiler\ti-cgt-arm_15.12.0.LTS\lib\</path>
         <kind>archive</kind>
         <file>rtsv7M4_T_le_v4SPD16_eabi.lib</file>
         <name>_io_perm.obj</name>
      </input_file>
      <input_file id="fl-106">
         <path>C:\ti\ccsv6\tools\compiler\ti-cgt-arm_15.12.0.LTS\lib\</path>
         <kind>archive</kind>
         <file>rtsv7M4_T_le_v4SPD16_eabi.lib</file>
         <name>fflush.obj</name>
      </input_file>
      <input_file id="fl-107">
         <path>C:\ti\ccsv6\tools\compiler\ti-cgt-arm_15.12.0.LTS\lib\</path>
         <kind>archive</kind>
         <file>rtsv7M4_T_le_v4SPD16_eabi.lib</file>
         <name>fseek.obj</name>
      </input_file>
      <input_file id="fl-108">
         <path>C:\ti\ccsv6\tools\compiler\ti-cgt-arm_15.12.0.LTS\lib\</path>
         <kind>archive</kind>
         <file>rtsv7M4_T_le_v4SPD16_eabi.lib</file>
         <name>ll_mul_t2.obj</name>
      </input_file>
      <input_file id="fl-109">
         <path>C:\ti\ccsv6\tools\compiler\ti-cgt-arm_15.12.0.LTS\lib\</path>
         <kind>archive</kind>
         <file>rtsv7M4_T_le_v4SPD16_eabi.lib</file>
         <name>setvbuf.obj</name>
      </input_file>
      <input_file id="fl-10a">
         <path>C:\ti\ccsv6\tools\compiler\ti-cgt-arm_15.12.0.LTS\lib\</path>
         <kind>archive</kind>
         <file>rtsv7M4_T_le_v4SPD16_eabi.lib</file>
         <name>fopen.obj</name>
      </input_file>
      <input_file id="fl-10b">
         <path>C:\ti\ccsv6\tools\compiler\ti-cgt-arm_15.12.0.LTS\lib\</path>
         <kind>archive</kind>
         <file>rtsv7M4_T_le_v4SPD16_eabi.lib</file>
         <name>memory.obj</name>
      </input_file>
      <input_file id="fl-10c">
         <path>C:\ti\ccsv6\tools\compiler\ti-cgt-arm_15.12.0.LTS\lib\</path>
         <kind>archive</kind>
         <file>rtsv7M4_T_le_v4SPD16_eabi.lib</file>
         <name>fclose.obj</name>
      </input_file>
      <input_file id="fl-10d">
         <path>C:\ti\ccsv6\tools\compiler\ti-cgt-arm_15.12.0.LTS\lib\</path>
         <kind>archive</kind>
         <file>rtsv7M4_T_le_v4SPD16_eabi.lib</file>
         <name>remove.obj</name>
      </input_file>
   </input_file_list>
   <object_component_list>
      <object_component id="oc-28">
         <name>.intvecs:retain</name>
         <load_address>0x0</load_address>
         <run_address>0x0</run_address>
         <size>0x140</size>
         <input_file_ref idref="fl-8"/>
      </object_component>
      <object_component id="oc-217">
         <name>.text</name>
         <load_address>0x140</load_address>
         <run_address>0x140</run_address>
         <size>0x1110</size>
         <input_file_ref idref="fl-e6"/>
      </object_component>
      <object_component id="oc-c5">
         <name>.text</name>
         <load_address>0x1250</load_address>
         <run_address>0x1250</run_address>
         <size>0xc14</size>
         <input_file_ref idref="fl-9"/>
      </object_component>
      <object_component id="oc-1fa">
         <name>.text</name>
         <load_address>0x1e64</load_address>
         <run_address>0x1e64</run_address>
         <size>0x9ac</size>
         <input_file_ref idref="fl-cf"/>
      </object_component>
      <object_component id="oc-2a6">
         <name>.text</name>
         <load_address>0x2810</load_address>
         <run_address>0x2810</run_address>
         <size>0x92a</size>
         <input_file_ref idref="fl-e7"/>
      </object_component>
      <object_component id="oc-54">
         <name>.text</name>
         <load_address>0x313a</load_address>
         <run_address>0x313a</run_address>
         <size>0x2</size>
         <input_file_ref idref="fl-dc"/>
      </object_component>
      <object_component id="oc-d1">
         <name>.text</name>
         <load_address>0x313c</load_address>
         <run_address>0x313c</run_address>
         <size>0x6ac</size>
         <input_file_ref idref="fl-2"/>
      </object_component>
      <object_component id="oc-7c">
         <name>.text</name>
         <load_address>0x37e8</load_address>
         <run_address>0x37e8</run_address>
         <size>0x450</size>
         <input_file_ref idref="fl-6"/>
      </object_component>
      <object_component id="oc-442">
         <name>.text</name>
         <load_address>0x3c38</load_address>
         <run_address>0x3c38</run_address>
         <size>0x3dc</size>
         <input_file_ref idref="fl-10b"/>
      </object_component>
      <object_component id="oc-17c">
         <name>.text</name>
         <load_address>0x4014</load_address>
         <run_address>0x4014</run_address>
         <size>0x3ac</size>
         <input_file_ref idref="fl-3"/>
      </object_component>
      <object_component id="oc-cb">
         <name>.text</name>
         <load_address>0x43c0</load_address>
         <run_address>0x43c0</run_address>
         <size>0x398</size>
         <input_file_ref idref="fl-4"/>
      </object_component>
      <object_component id="oc-45f">
         <name>.text</name>
         <load_address>0x4758</load_address>
         <run_address>0x4758</run_address>
         <size>0x324</size>
         <input_file_ref idref="fl-102"/>
      </object_component>
      <object_component id="oc-2e6">
         <name>.text</name>
         <load_address>0x4a7c</load_address>
         <run_address>0x4a7c</run_address>
         <size>0x30c</size>
         <input_file_ref idref="fl-f1"/>
      </object_component>
      <object_component id="oc-bf">
         <name>.text</name>
         <load_address>0x4d88</load_address>
         <run_address>0x4d88</run_address>
         <size>0x26c</size>
         <input_file_ref idref="fl-a"/>
      </object_component>
      <object_component id="oc-389">
         <name>.text</name>
         <load_address>0x4ff4</load_address>
         <run_address>0x4ff4</run_address>
         <size>0x23c</size>
         <input_file_ref idref="fl-fd"/>
      </object_component>
      <object_component id="oc-2fc">
         <name>.text</name>
         <load_address>0x5230</load_address>
         <run_address>0x5230</run_address>
         <size>0x1f4</size>
         <input_file_ref idref="fl-104"/>
      </object_component>
      <object_component id="oc-39a">
         <name>.text</name>
         <load_address>0x5424</load_address>
         <run_address>0x5424</run_address>
         <size>0x1e4</size>
         <input_file_ref idref="fl-ff"/>
      </object_component>
      <object_component id="oc-448">
         <name>.text</name>
         <load_address>0x5608</load_address>
         <run_address>0x5608</run_address>
         <size>0x1c4</size>
         <input_file_ref idref="fl-10a"/>
      </object_component>
      <object_component id="oc-1dc">
         <name>.text</name>
         <load_address>0x57cc</load_address>
         <run_address>0x57cc</run_address>
         <size>0x1b6</size>
         <input_file_ref idref="fl-d3"/>
      </object_component>
      <object_component id="oc-a9">
         <name>.text</name>
         <load_address>0x5982</load_address>
         <run_address>0x5982</run_address>
         <size>0x2</size>
         <input_file_ref idref="fl-f7"/>
      </object_component>
      <object_component id="oc-1a4">
         <name>.text</name>
         <load_address>0x5984</load_address>
         <run_address>0x5984</run_address>
         <size>0x1b0</size>
         <input_file_ref idref="fl-7"/>
      </object_component>
      <object_component id="oc-2b3">
         <name>.text</name>
         <load_address>0x5b34</load_address>
         <run_address>0x5b34</run_address>
         <size>0x170</size>
         <input_file_ref idref="fl-d0"/>
      </object_component>
      <object_component id="oc-383">
         <name>.text</name>
         <load_address>0x5ca4</load_address>
         <run_address>0x5ca4</run_address>
         <size>0x16c</size>
         <input_file_ref idref="fl-101"/>
      </object_component>
      <object_component id="oc-1d7">
         <name>.text</name>
         <load_address>0x5e10</load_address>
         <run_address>0x5e10</run_address>
         <size>0x136</size>
         <input_file_ref idref="fl-d5"/>
      </object_component>
      <object_component id="oc-211">
         <name>.text</name>
         <load_address>0x5f48</load_address>
         <run_address>0x5f48</run_address>
         <size>0x134</size>
         <input_file_ref idref="fl-f0"/>
      </object_component>
      <object_component id="oc-394">
         <name>.text</name>
         <load_address>0x607c</load_address>
         <run_address>0x607c</run_address>
         <size>0x134</size>
         <input_file_ref idref="fl-fe"/>
      </object_component>
      <object_component id="oc-37d">
         <name>.text</name>
         <load_address>0x61b0</load_address>
         <run_address>0x61b0</run_address>
         <size>0x114</size>
         <input_file_ref idref="fl-100"/>
      </object_component>
      <object_component id="oc-1d2">
         <name>.text</name>
         <load_address>0x62c4</load_address>
         <run_address>0x62c4</run_address>
         <size>0xfc</size>
         <input_file_ref idref="fl-d6"/>
      </object_component>
      <object_component id="oc-2c9">
         <name>.text</name>
         <load_address>0x63c0</load_address>
         <run_address>0x63c0</run_address>
         <size>0xfc</size>
         <input_file_ref idref="fl-df"/>
      </object_component>
      <object_component id="oc-d7">
         <name>.text</name>
         <load_address>0x64bc</load_address>
         <run_address>0x64bc</run_address>
         <size>0xf0</size>
         <input_file_ref idref="fl-5"/>
      </object_component>
      <object_component id="oc-164">
         <name>.text:CS_setDCOFrequency</name>
         <load_address>0x65ac</load_address>
         <run_address>0x65ac</run_address>
         <size>0xe8</size>
         <input_file_ref idref="fl-10"/>
      </object_component>
      <object_component id="oc-170">
         <name>.text:CS_initClockSignal</name>
         <load_address>0x6694</load_address>
         <run_address>0x6694</run_address>
         <size>0xe0</size>
         <input_file_ref idref="fl-10"/>
      </object_component>
      <object_component id="oc-3d3">
         <name>.text</name>
         <load_address>0x6774</load_address>
         <run_address>0x6774</run_address>
         <size>0xdc</size>
         <input_file_ref idref="fl-109"/>
      </object_component>
      <object_component id="oc-1e6">
         <name>.text</name>
         <load_address>0x6850</load_address>
         <run_address>0x6850</run_address>
         <size>0xcc</size>
         <input_file_ref idref="fl-e1"/>
      </object_component>
      <object_component id="oc-2e0">
         <name>.text</name>
         <load_address>0x691c</load_address>
         <run_address>0x691c</run_address>
         <size>0xc8</size>
         <input_file_ref idref="fl-106"/>
      </object_component>
      <object_component id="oc-2da">
         <name>.text</name>
         <load_address>0x69e4</load_address>
         <run_address>0x69e4</run_address>
         <size>0xac</size>
         <input_file_ref idref="fl-105"/>
      </object_component>
      <object_component id="oc-276">
         <name>.text:_CSComputeCLKFrequency</name>
         <load_address>0x6a90</load_address>
         <run_address>0x6a90</run_address>
         <size>0x9c</size>
         <input_file_ref idref="fl-10"/>
      </object_component>
      <object_component id="oc-2f">
         <name>.text</name>
         <load_address>0x6b2c</load_address>
         <run_address>0x6b2c</run_address>
         <size>0x9c</size>
         <input_file_ref idref="fl-da"/>
      </object_component>
      <object_component id="oc-492">
         <name>.text</name>
         <load_address>0x6bc8</load_address>
         <run_address>0x6bc8</run_address>
         <size>0x98</size>
         <input_file_ref idref="fl-10c"/>
      </object_component>
      <object_component id="oc-20b">
         <name>.text</name>
         <load_address>0x6c60</load_address>
         <run_address>0x6c60</run_address>
         <size>0x98</size>
         <input_file_ref idref="fl-ef"/>
      </object_component>
      <object_component id="oc-351">
         <name>.text:CS_getDCOFrequency</name>
         <load_address>0x6cf8</load_address>
         <run_address>0x6cf8</run_address>
         <size>0x8c</size>
         <input_file_ref idref="fl-10"/>
      </object_component>
      <object_component id="oc-2bf">
         <name>.text:__aeabi_cdcmple</name>
         <load_address>0x6d84</load_address>
         <run_address>0x6d84</run_address>
         <size>0x86</size>
         <input_file_ref idref="fl-d4"/>
      </object_component>
      <object_component id="oc-2c4">
         <name>.text:__aeabi_cdrcmple</name>
         <load_address>0x6e0a</load_address>
         <run_address>0x6e0a</run_address>
         <size>0x86</size>
         <input_file_ref idref="fl-d4"/>
      </object_component>
      <object_component id="oc-288">
         <name>.text:SPI_initMaster</name>
         <load_address>0x6e90</load_address>
         <run_address>0x6e90</run_address>
         <size>0x7c</size>
         <input_file_ref idref="fl-13"/>
      </object_component>
      <object_component id="oc-48">
         <name>.text</name>
         <load_address>0x6f0c</load_address>
         <run_address>0x6f0c</run_address>
         <size>0x7a</size>
         <input_file_ref idref="fl-db"/>
      </object_component>
      <object_component id="oc-60">
         <name>.text</name>
         <load_address>0x6f88</load_address>
         <run_address>0x6f88</run_address>
         <size>0x70</size>
         <input_file_ref idref="fl-ea"/>
      </object_component>
      <object_component id="oc-dd">
         <name>.text</name>
         <load_address>0x6ff8</load_address>
         <run_address>0x6ff8</run_address>
         <size>0x70</size>
         <input_file_ref idref="fl-de"/>
      </object_component>
      <object_component id="oc-38f">
         <name>.text</name>
         <load_address>0x7068</load_address>
         <run_address>0x7068</run_address>
         <size>0x6e</size>
         <input_file_ref idref="fl-ee"/>
      </object_component>
      <object_component id="oc-3b">
         <name>.text</name>
         <load_address>0x70d6</load_address>
         <run_address>0x70d6</run_address>
         <size>0x6a</size>
         <input_file_ref idref="fl-cd"/>
      </object_component>
      <object_component id="oc-4a1">
         <name>.text</name>
         <load_address>0x7140</load_address>
         <run_address>0x7140</run_address>
         <size>0x68</size>
         <input_file_ref idref="fl-103"/>
      </object_component>
      <object_component id="oc-3cd">
         <name>.text</name>
         <load_address>0x71a8</load_address>
         <run_address>0x71a8</run_address>
         <size>0x64</size>
         <input_file_ref idref="fl-107"/>
      </object_component>
      <object_component id="oc-307">
         <name>.text</name>
         <load_address>0x720c</load_address>
         <run_address>0x720c</run_address>
         <size>0x64</size>
         <input_file_ref idref="fl-f6"/>
      </object_component>
      <object_component id="oc-e3">
         <name>.text</name>
         <load_address>0x7270</load_address>
         <run_address>0x7270</run_address>
         <size>0x60</size>
         <input_file_ref idref="fl-e0"/>
      </object_component>
      <object_component id="oc-301">
         <name>.text</name>
         <load_address>0x72d0</load_address>
         <run_address>0x72d0</run_address>
         <size>0x56</size>
         <input_file_ref idref="fl-f2"/>
      </object_component>
      <object_component id="oc-22">
         <name>.text</name>
         <load_address>0x7328</load_address>
         <run_address>0x7328</run_address>
         <size>0x54</size>
         <input_file_ref idref="fl-cb"/>
      </object_component>
      <object_component id="oc-6c">
         <name>.text</name>
         <load_address>0x737c</load_address>
         <run_address>0x737c</run_address>
         <size>0x54</size>
         <input_file_ref idref="fl-d2"/>
      </object_component>
      <object_component id="oc-158">
         <name>.text:GPIO_setAsPeripheralModuleFunctionInputPin</name>
         <load_address>0x73d0</load_address>
         <run_address>0x73d0</run_address>
         <size>0x4c</size>
         <input_file_ref idref="fl-11"/>
      </object_component>
      <object_component id="oc-414">
         <name>.text:_CSGetDOCFrequency</name>
         <load_address>0x741c</load_address>
         <run_address>0x741c</run_address>
         <size>0x4c</size>
         <input_file_ref idref="fl-10"/>
      </object_component>
      <object_component id="oc-319">
         <name>.text</name>
         <load_address>0x7468</load_address>
         <run_address>0x7468</run_address>
         <size>0x4c</size>
         <input_file_ref idref="fl-e9"/>
      </object_component>
      <object_component id="oc-a3">
         <name>.text</name>
         <load_address>0x74b4</load_address>
         <run_address>0x74b4</run_address>
         <size>0x4c</size>
         <input_file_ref idref="fl-eb"/>
      </object_component>
      <object_component id="oc-34b">
         <name>.text:_CSGetDividerValue</name>
         <load_address>0x7500</load_address>
         <run_address>0x7500</run_address>
         <size>0x48</size>
         <input_file_ref idref="fl-10"/>
      </object_component>
      <object_component id="oc-200">
         <name>.text</name>
         <load_address>0x7548</load_address>
         <run_address>0x7548</run_address>
         <size>0x48</size>
         <input_file_ref idref="fl-d7"/>
      </object_component>
      <object_component id="oc-1e1">
         <name>.text</name>
         <load_address>0x7590</load_address>
         <run_address>0x7590</run_address>
         <size>0x44</size>
         <input_file_ref idref="fl-d8"/>
      </object_component>
      <object_component id="oc-26f">
         <name>.text:CS_tuneDCOFrequency</name>
         <load_address>0x75d4</load_address>
         <run_address>0x75d4</run_address>
         <size>0x30</size>
         <input_file_ref idref="fl-10"/>
      </object_component>
      <object_component id="oc-f5">
         <name>.text:GPIO_getEnabledInterruptStatus</name>
         <load_address>0x7604</load_address>
         <run_address>0x7604</run_address>
         <size>0x30</size>
         <input_file_ref idref="fl-11"/>
      </object_component>
      <object_component id="oc-35e">
         <name>.text:is_A_Module</name>
         <load_address>0x7634</load_address>
         <run_address>0x7634</run_address>
         <size>0x30</size>
         <input_file_ref idref="fl-13"/>
      </object_component>
      <object_component id="oc-3e6">
         <name>.text</name>
         <load_address>0x7664</load_address>
         <run_address>0x7664</run_address>
         <size>0x30</size>
         <input_file_ref idref="fl-fb"/>
      </object_component>
      <object_component id="oc-1c8">
         <name>.text</name>
         <load_address>0x7694</load_address>
         <run_address>0x7694</run_address>
         <size>0x2e</size>
         <input_file_ref idref="fl-d9"/>
      </object_component>
      <object_component id="oc-188">
         <name>.text:GPIO_setAsInputPin</name>
         <load_address>0x76c4</load_address>
         <run_address>0x76c4</run_address>
         <size>0x2c</size>
         <input_file_ref idref="fl-11"/>
      </object_component>
      <object_component id="oc-1c0">
         <name>.text:pulse_ce</name>
         <load_address>0x76f0</load_address>
         <run_address>0x76f0</run_address>
         <size>0x28</size>
         <input_file_ref idref="fl-9"/>
      </object_component>
      <object_component id="oc-357">
         <name>.text:CS_clearInterruptFlag</name>
         <load_address>0x7718</load_address>
         <run_address>0x7718</run_address>
         <size>0x24</size>
         <input_file_ref idref="fl-10"/>
      </object_component>
      <object_component id="oc-269">
         <name>.text:CS_setDCOCenteredFrequency</name>
         <load_address>0x773c</load_address>
         <run_address>0x773c</run_address>
         <size>0x24</size>
         <input_file_ref idref="fl-10"/>
      </object_component>
      <object_component id="oc-182">
         <name>.text:GPIO_setAsOutputPin</name>
         <load_address>0x7760</load_address>
         <run_address>0x7760</run_address>
         <size>0x24</size>
         <input_file_ref idref="fl-11"/>
      </object_component>
      <object_component id="oc-2f4">
         <name>.text</name>
         <load_address>0x7784</load_address>
         <run_address>0x7784</run_address>
         <size>0x20</size>
         <input_file_ref idref="fl-f4"/>
      </object_component>
      <object_component id="oc-1cd">
         <name>.text</name>
         <load_address>0x77a4</load_address>
         <run_address>0x77a4</run_address>
         <size>0x20</size>
         <input_file_ref idref="fl-e4"/>
      </object_component>
      <object_component id="oc-194">
         <name>.text:CS_setReferenceOscillatorFrequency</name>
         <load_address>0x77c4</load_address>
         <run_address>0x77c4</run_address>
         <size>0x1c</size>
         <input_file_ref idref="fl-10"/>
      </object_component>
      <object_component id="oc-313">
         <name>.text</name>
         <load_address>0x77e0</load_address>
         <run_address>0x77e0</run_address>
         <size>0x1c</size>
         <input_file_ref idref="fl-f3"/>
      </object_component>
      <object_component id="oc-28e">
         <name>.text:SPI_enableModule</name>
         <load_address>0x77fc</load_address>
         <run_address>0x77fc</run_address>
         <size>0x1a</size>
         <input_file_ref idref="fl-13"/>
      </object_component>
      <object_component id="oc-16a">
         <name>.text:CS_getHSMCLK</name>
         <load_address>0x7818</load_address>
         <run_address>0x7818</run_address>
         <size>0x18</size>
         <input_file_ref idref="fl-10"/>
      </object_component>
      <object_component id="oc-176">
         <name>.text:CS_getSMCLK</name>
         <load_address>0x7830</load_address>
         <run_address>0x7830</run_address>
         <size>0x18</size>
         <input_file_ref idref="fl-10"/>
      </object_component>
      <object_component id="oc-fb">
         <name>.text:GPIO_clearInterruptFlag</name>
         <load_address>0x7848</load_address>
         <run_address>0x7848</run_address>
         <size>0x18</size>
         <input_file_ref idref="fl-11"/>
      </object_component>
      <object_component id="oc-ef">
         <name>.text:GPIO_setOutputLowOnPin</name>
         <load_address>0x7860</load_address>
         <run_address>0x7860</run_address>
         <size>0x18</size>
         <input_file_ref idref="fl-11"/>
      </object_component>
      <object_component id="oc-66">
         <name>.text</name>
         <load_address>0x7878</load_address>
         <run_address>0x7878</run_address>
         <size>0x18</size>
         <input_file_ref idref="fl-e8"/>
      </object_component>
      <object_component id="oc-423">
         <name>.text</name>
         <load_address>0x7890</load_address>
         <run_address>0x7890</run_address>
         <size>0x18</size>
         <input_file_ref idref="fl-108"/>
      </object_component>
      <object_component id="oc-3e0">
         <name>.text</name>
         <load_address>0x78a8</load_address>
         <run_address>0x78a8</run_address>
         <size>0x18</size>
         <input_file_ref idref="fl-f9"/>
      </object_component>
      <object_component id="oc-3a1">
         <name>.text</name>
         <load_address>0x78c0</load_address>
         <run_address>0x78c0</run_address>
         <size>0x18</size>
         <input_file_ref idref="fl-fc"/>
      </object_component>
      <object_component id="oc-30d">
         <name>.text</name>
         <load_address>0x78d8</load_address>
         <run_address>0x78d8</run_address>
         <size>0x16</size>
         <input_file_ref idref="fl-f8"/>
      </object_component>
      <object_component id="oc-15e">
         <name>.text:CS_setExternalClockSourceFrequency</name>
         <load_address>0x78f0</load_address>
         <run_address>0x78f0</run_address>
         <size>0x14</size>
         <input_file_ref idref="fl-10"/>
      </object_component>
      <object_component id="oc-18e">
         <name>.text:GPIO_enableInterrupt</name>
         <load_address>0x7904</load_address>
         <run_address>0x7904</run_address>
         <size>0x14</size>
         <input_file_ref idref="fl-11"/>
      </object_component>
      <object_component id="oc-e9">
         <name>.text:GPIO_setOutputHighOnPin</name>
         <load_address>0x7918</load_address>
         <run_address>0x7918</run_address>
         <size>0x14</size>
         <input_file_ref idref="fl-11"/>
      </object_component>
      <object_component id="oc-14c">
         <name>.text</name>
         <load_address>0x792c</load_address>
         <run_address>0x792c</run_address>
         <size>0x14</size>
         <input_file_ref idref="fl-e5"/>
      </object_component>
      <object_component id="oc-3be">
         <name>.text</name>
         <load_address>0x7940</load_address>
         <run_address>0x7940</run_address>
         <size>0x14</size>
         <input_file_ref idref="fl-f5"/>
      </object_component>
      <object_component id="oc-1ec">
         <name>.text</name>
         <load_address>0x7954</load_address>
         <run_address>0x7954</run_address>
         <size>0x14</size>
         <input_file_ref idref="fl-e3"/>
      </object_component>
      <object_component id="oc-2ee">
         <name>.text</name>
         <load_address>0x7968</load_address>
         <run_address>0x7968</run_address>
         <size>0x14</size>
         <input_file_ref idref="fl-fa"/>
      </object_component>
      <object_component id="oc-22f">
         <name>.text:GPIO_getInterruptStatus</name>
         <load_address>0x797c</load_address>
         <run_address>0x797c</run_address>
         <size>0x10</size>
         <input_file_ref idref="fl-11"/>
      </object_component>
      <object_component id="oc-1ac">
         <name>.text:Interrupt_enableMaster</name>
         <load_address>0x798c</load_address>
         <run_address>0x798c</run_address>
         <size>0x10</size>
         <input_file_ref idref="fl-12"/>
      </object_component>
      <object_component id="oc-1b2">
         <name>.text:_msprf24_crc_mask</name>
         <load_address>0x799c</load_address>
         <run_address>0x799c</run_address>
         <size>0x10</size>
         <input_file_ref idref="fl-9"/>
      </object_component>
      <object_component id="oc-10">
         <name>.text:decompress:none</name>
         <load_address>0x79ac</load_address>
         <run_address>0x79ac</run_address>
         <size>0xe</size>
         <input_file_ref idref="fl-cc"/>
      </object_component>
      <object_component id="oc-299">
         <name>.text:CPU_cpsie</name>
         <load_address>0x79ba</load_address>
         <run_address>0x79ba</run_address>
         <size>0xc</size>
         <input_file_ref idref="fl-15"/>
      </object_component>
      <object_component id="oc-36c">
         <name>.text:EUSCI_A_SPI_enable</name>
         <load_address>0x79c6</load_address>
         <run_address>0x79c6</run_address>
         <size>0xc</size>
         <input_file_ref idref="fl-13"/>
      </object_component>
      <object_component id="oc-366">
         <name>.text:EUSCI_B_SPI_enable</name>
         <load_address>0x79d2</load_address>
         <run_address>0x79d2</run_address>
         <size>0xc</size>
         <input_file_ref idref="fl-13"/>
      </object_component>
      <object_component id="oc-76">
         <name>.text</name>
         <load_address>0x79de</load_address>
         <run_address>0x79de</run_address>
         <size>0xc</size>
         <input_file_ref idref="fl-8"/>
      </object_component>
      <object_component id="oc-16">
         <name>.text:decompress:rle24</name>
         <load_address>0x79ea</load_address>
         <run_address>0x79ea</run_address>
         <size>0x6</size>
         <input_file_ref idref="fl-cd"/>
      </object_component>
      <object_component id="oc-1b9">
         <name>.text:_msprf24_irq_mask</name>
         <load_address>0x79f0</load_address>
         <run_address>0x79f0</run_address>
         <size>0x4</size>
         <input_file_ref idref="fl-9"/>
      </object_component>
      <object_component id="oc-5a">
         <name>.text</name>
         <load_address>0x79f4</load_address>
         <run_address>0x79f4</run_address>
         <size>0x4</size>
         <input_file_ref idref="fl-dd"/>
      </object_component>
      <object_component id="oc-2ac">
         <name>.const:.string:_ctypes_</name>
         <load_address>0x79f8</load_address>
         <run_address>0x79f8</run_address>
         <size>0x101</size>
         <input_file_ref idref="fl-ec"/>
      </object_component>
      <object_component id="oc-42a">
         <name>.const:$O1$$</name>
         <load_address>0x7b00</load_address>
         <run_address>0x7b00</run_address>
         <size>0x98</size>
         <input_file_ref idref="fl-fd"/>
      </object_component>
      <object_component id="oc-2bc">
         <name>.const:$O1$$</name>
         <load_address>0x7b98</load_address>
         <run_address>0x7b98</run_address>
         <size>0x30</size>
         <input_file_ref idref="fl-cf"/>
      </object_component>
      <object_component id="oc-229">
         <name>.const:GPIO_PORT_TO_BASE</name>
         <load_address>0x7bc8</load_address>
         <run_address>0x7bc8</run_address>
         <size>0x30</size>
         <input_file_ref idref="fl-11"/>
      </object_component>
      <object_component id="oc-294">
         <name>.const:spiMasterConfig</name>
         <load_address>0x7bf8</load_address>
         <run_address>0x7bf8</run_address>
         <size>0x1c</size>
         <input_file_ref idref="fl-7"/>
      </object_component>
      <object_component id="oc-1a0">
         <name>.const:upConfig</name>
         <load_address>0x7c14</load_address>
         <run_address>0x7c14</run_address>
         <size>0x18</size>
         <input_file_ref idref="fl-a"/>
      </object_component>
      <object_component id="oc-3a0">
         <name>.const:$O1$$</name>
         <load_address>0x7c2c</load_address>
         <run_address>0x7c2c</run_address>
         <size>0x10</size>
         <input_file_ref idref="fl-e7"/>
      </object_component>
      <object_component id="oc-19d">
         <name>.const:continuousModeConfigB</name>
         <load_address>0x7c3c</load_address>
         <run_address>0x7c3c</run_address>
         <size>0x10</size>
         <input_file_ref idref="fl-a"/>
      </object_component>
      <object_component id="oc-4e9">
         <name>.cinit..data.load</name>
         <load_address>0x7c50</load_address>
         <run_address>0x7c50</run_address>
         <size>0x8d</size>
      </object_component>
      <object_component id="oc-4ea">
         <name>.cinit..bss.load</name>
         <load_address>0x7ce0</load_address>
         <run_address>0x7ce0</run_address>
         <size>0xb</size>
      </object_component>
      <object_component id="oc-4e7">
         <name>__TI_handler_table</name>
         <load_address>0x7cec</load_address>
         <run_address>0x7cec</run_address>
         <size>0x8</size>
      </object_component>
      <object_component id="oc-4e8">
         <name>__TI_cinit_table</name>
         <load_address>0x7cf4</load_address>
         <run_address>0x7cf4</run_address>
         <size>0x10</size>
      </object_component>
      <object_component id="oc-205">
         <name>.data</name>
         <load_address>0x2000081c</load_address>
         <run_address>0x2000081c</run_address>
         <size>0x4c</size>
         <input_file_ref idref="fl-2"/>
      </object_component>
      <object_component id="oc-10b">
         <name>.data</name>
         <load_address>0x20000878</load_address>
         <run_address>0x20000878</run_address>
         <size>0xd</size>
         <input_file_ref idref="fl-6"/>
      </object_component>
      <object_component id="oc-2b9">
         <name>.data</name>
         <load_address>0x200008a8</load_address>
         <run_address>0x200008a8</run_address>
         <size>0x4</size>
         <input_file_ref idref="fl-d1"/>
      </object_component>
      <object_component id="oc-b3">
         <name>.data:$O1$$</name>
         <load_address>0x20000888</load_address>
         <run_address>0x20000888</run_address>
         <size>0xc</size>
         <input_file_ref idref="fl-d2"/>
      </object_component>
      <object_component id="oc-72">
         <name>.data</name>
         <load_address>0x200008b0</load_address>
         <run_address>0x200008b0</run_address>
         <size>0x4</size>
         <input_file_ref idref="fl-e2"/>
      </object_component>
      <object_component id="oc-b6">
         <name>.data:$O1$$</name>
         <load_address>0x200008a0</load_address>
         <run_address>0x200008a0</run_address>
         <size>0x8</size>
         <input_file_ref idref="fl-e5"/>
      </object_component>
      <object_component id="oc-21d">
         <name>.data:_ftable</name>
         <load_address>0x2000065c</load_address>
         <run_address>0x2000065c</run_address>
         <size>0xf0</size>
         <input_file_ref idref="fl-ed"/>
      </object_component>
      <object_component id="oc-3db">
         <name>.data</name>
         <load_address>0x20000868</load_address>
         <run_address>0x20000868</run_address>
         <size>0x10</size>
         <input_file_ref idref="fl-ed"/>
      </object_component>
      <object_component id="oc-3ec">
         <name>.data:$O1$$</name>
         <load_address>0x2000074c</load_address>
         <run_address>0x2000074c</run_address>
         <size>0xd0</size>
         <input_file_ref idref="fl-f1"/>
      </object_component>
      <object_component id="oc-498">
         <name>.data</name>
         <load_address>0x200008ac</load_address>
         <run_address>0x200008ac</run_address>
         <size>0x4</size>
         <input_file_ref idref="fl-10a"/>
      </object_component>
      <object_component id="oc-48e">
         <name>.data:$O1$$</name>
         <load_address>0x20000894</load_address>
         <run_address>0x20000894</run_address>
         <size>0xc</size>
         <input_file_ref idref="fl-10b"/>
      </object_component>
      <object_component id="oc-4a7">
         <name>.bss:parmbuf</name>
         <uninitialized>true</uninitialized>
         <run_address>0x20000624</run_address>
         <size>0x8</size>
         <input_file_ref idref="fl-102"/>
      </object_component>
      <object_component id="oc-4b8">
         <name>.bss:_CIOBUF_</name>
         <uninitialized>true</uninitialized>
         <run_address>0x20000400</run_address>
         <size>0x120</size>
         <input_file_ref idref="fl-103"/>
      </object_component>
      <object_component id="oc-11a">
         <name>.common:dht_data</name>
         <uninitialized>true</uninitialized>
         <run_address>0x2000062c</run_address>
         <size>0x5</size>
      </object_component>
      <object_component id="oc-118">
         <name>.common:dht_data_byte</name>
         <uninitialized>true</uninitialized>
         <run_address>0x20000653</run_address>
         <size>0x1</size>
      </object_component>
      <object_component id="oc-119">
         <name>.common:dht_data_bit</name>
         <uninitialized>true</uninitialized>
         <run_address>0x20000652</run_address>
         <size>0x1</size>
      </object_component>
      <object_component id="oc-10f">
         <name>.common:dht_current_state</name>
         <uninitialized>true</uninitialized>
         <run_address>0x20000631</run_address>
         <size>0x1</size>
      </object_component>
      <object_component id="oc-208">
         <name>.common:tempData</name>
         <uninitialized>true</uninitialized>
         <run_address>0x20000618</run_address>
         <size>0xc</size>
      </object_component>
      <object_component id="oc-1f7">
         <name>.common:Light</name>
         <uninitialized>true</uninitialized>
         <run_address>0x2000060c</run_address>
         <size>0xc</size>
      </object_component>
      <object_component id="oc-1f8">
         <name>.common:temp</name>
         <uninitialized>true</uninitialized>
         <run_address>0x200005f8</run_address>
         <size>0x14</size>
      </object_component>
      <object_component id="oc-1f2">
         <name>.common:resultsBuffer</name>
         <uninitialized>true</uninitialized>
         <run_address>0x2000064e</run_address>
         <size>0x2</size>
      </object_component>
      <object_component id="oc-1f3">
         <name>.common:photoRAW</name>
         <uninitialized>true</uninitialized>
         <run_address>0x2000064c</run_address>
         <size>0x2</size>
      </object_component>
      <object_component id="oc-1f5">
         <name>.common:index</name>
         <uninitialized>true</uninitialized>
         <run_address>0x20000640</run_address>
         <size>0x4</size>
      </object_component>
      <object_component id="oc-1f4">
         <name>.common:photoCON</name>
         <uninitialized>true</uninitialized>
         <run_address>0x20000648</run_address>
         <size>0x4</size>
      </object_component>
      <object_component id="oc-1f6">
         <name>.common:lightString</name>
         <uninitialized>true</uninitialized>
         <run_address>0x200005c0</run_address>
         <size>0x20</size>
      </object_component>
      <object_component id="oc-101">
         <name>.common:calData</name>
         <uninitialized>true</uninitialized>
         <run_address>0x200005e0</run_address>
         <size>0x18</size>
      </object_component>
      <object_component id="oc-10e">
         <name>.common:lux</name>
         <uninitialized>true</uninitialized>
         <run_address>0x20000632</run_address>
         <size>0x2</size>
      </object_component>
      <object_component id="oc-1ab">
         <name>.common:rf_feature</name>
         <uninitialized>true</uninitialized>
         <run_address>0x20000657</run_address>
         <size>0x1</size>
      </object_component>
      <object_component id="oc-104">
         <name>.common:rf_crc</name>
         <uninitialized>true</uninitialized>
         <run_address>0x20000656</run_address>
         <size>0x1</size>
      </object_component>
      <object_component id="oc-107">
         <name>.common:rf_addr_width</name>
         <uninitialized>true</uninitialized>
         <run_address>0x20000654</run_address>
         <size>0x1</size>
      </object_component>
      <object_component id="oc-108">
         <name>.common:rf_speed_power</name>
         <uninitialized>true</uninitialized>
         <run_address>0x20000659</run_address>
         <size>0x1</size>
      </object_component>
      <object_component id="oc-109">
         <name>.common:rf_channel</name>
         <uninitialized>true</uninitialized>
         <run_address>0x20000655</run_address>
         <size>0x1</size>
      </object_component>
      <object_component id="oc-1aa">
         <name>.common:rf_status</name>
         <uninitialized>true</uninitialized>
         <run_address>0x2000065a</run_address>
         <size>0x1</size>
      </object_component>
      <object_component id="oc-10a">
         <name>.common:rf_irq</name>
         <uninitialized>true</uninitialized>
         <run_address>0x20000658</run_address>
         <size>0x1</size>
      </object_component>
      <object_component id="oc-19a">
         <name>.common:HSMfreq</name>
         <uninitialized>true</uninitialized>
         <run_address>0x20000634</run_address>
         <size>0x4</size>
      </object_component>
      <object_component id="oc-19b">
         <name>.common:SMCLKfreq</name>
         <uninitialized>true</uninitialized>
         <run_address>0x20000638</run_address>
         <size>0x4</size>
      </object_component>
      <object_component id="oc-19c">
         <name>.common:rtnVal</name>
         <uninitialized>true</uninitialized>
         <run_address>0x20000650</run_address>
         <size>0x2</size>
      </object_component>
      <object_component id="oc-267">
         <name>.common:hfxtFreq</name>
         <uninitialized>true</uninitialized>
         <run_address>0x2000063c</run_address>
         <size>0x4</size>
      </object_component>
      <object_component id="oc-264">
         <name>.common:lfxtFreq</name>
         <uninitialized>true</uninitialized>
         <run_address>0x20000644</run_address>
         <size>0x4</size>
      </object_component>
      <object_component id="oc-4b3">
         <name>.common:__TI_tmpnams</name>
         <uninitialized>true</uninitialized>
         <run_address>0x20000520</run_address>
         <size>0xa0</size>
      </object_component>
      <object_component id="oc-2c">
         <name>.sysmem</name>
         <uninitialized>true</uninitialized>
         <run_address>0x20000000</run_address>
         <size>0x8</size>
         <input_file_ref idref="fl-10b"/>
      </object_component>
      <object_component id="oc-4ec">
         <name>.sysmem</name>
         <uninitialized>true</uninitialized>
         <run_address>0x20000000</run_address>
         <size>0x0</size>
      </object_component>
      <object_component id="oc-2b">
         <name>.stack</name>
         <uninitialized>true</uninitialized>
         <run_address>0x2000fe00</run_address>
         <size>0x0</size>
         <input_file_ref idref="fl-cb"/>
      </object_component>
      <object_component id="oc-4eb">
         <name>.stack</name>
         <uninitialized>true</uninitialized>
         <run_address>0x2000fe00</run_address>
         <size>0x0</size>
      </object_component>
      <object_component id="oc-110">
         <name>.debug_info</name>
         <load_address>0x0</load_address>
         <run_address>0x0</run_address>
         <size>0x513</size>
         <input_file_ref idref="fl-2"/>
      </object_component>
      <object_component id="oc-206">
         <name>.debug_info</name>
         <load_address>0x513</load_address>
         <run_address>0x513</run_address>
         <size>0x2c3</size>
         <input_file_ref idref="fl-2"/>
      </object_component>
      <object_component id="oc-d2">
         <name>.debug_info</name>
         <load_address>0x7d6</load_address>
         <run_address>0x7d6</run_address>
         <size>0x7e0</size>
         <input_file_ref idref="fl-2"/>
      </object_component>
      <object_component id="oc-23e">
         <name>.debug_info</name>
         <load_address>0xfb6</load_address>
         <run_address>0xfb6</run_address>
         <size>0x115</size>
         <input_file_ref idref="fl-2"/>
      </object_component>
      <object_component id="oc-239">
         <name>.debug_info</name>
         <load_address>0x10cb</load_address>
         <run_address>0x10cb</run_address>
         <size>0x103e</size>
         <input_file_ref idref="fl-2"/>
      </object_component>
      <object_component id="oc-254">
         <name>.debug_info</name>
         <load_address>0x2109</load_address>
         <run_address>0x2109</run_address>
         <size>0x341</size>
         <input_file_ref idref="fl-2"/>
      </object_component>
      <object_component id="oc-91">
         <name>.debug_info</name>
         <load_address>0x244a</load_address>
         <run_address>0x244a</run_address>
         <size>0x84</size>
         <input_file_ref idref="fl-2"/>
      </object_component>
      <object_component id="oc-121">
         <name>.debug_info</name>
         <load_address>0x24ce</load_address>
         <run_address>0x24ce</run_address>
         <size>0x18b</size>
         <input_file_ref idref="fl-2"/>
      </object_component>
      <object_component id="oc-99">
         <name>.debug_info</name>
         <load_address>0x2659</load_address>
         <run_address>0x2659</run_address>
         <size>0x2c</size>
         <input_file_ref idref="fl-2"/>
      </object_component>
      <object_component id="oc-377">
         <name>.debug_info</name>
         <load_address>0x2685</load_address>
         <run_address>0x2685</run_address>
         <size>0x131</size>
         <input_file_ref idref="fl-2"/>
      </object_component>
      <object_component id="oc-17f">
         <name>.debug_info</name>
         <load_address>0x27b6</load_address>
         <run_address>0x27b6</run_address>
         <size>0x52a</size>
         <input_file_ref idref="fl-3"/>
      </object_component>
      <object_component id="oc-112">
         <name>.debug_info</name>
         <load_address>0x2ce0</load_address>
         <run_address>0x2ce0</run_address>
         <size>0x632</size>
         <input_file_ref idref="fl-4"/>
      </object_component>
      <object_component id="oc-cd">
         <name>.debug_info</name>
         <load_address>0x3312</load_address>
         <run_address>0x3312</run_address>
         <size>0x59d</size>
         <input_file_ref idref="fl-4"/>
      </object_component>
      <object_component id="oc-24b">
         <name>.debug_info</name>
         <load_address>0x38af</load_address>
         <run_address>0x38af</run_address>
         <size>0xc8</size>
         <input_file_ref idref="fl-4"/>
      </object_component>
      <object_component id="oc-222">
         <name>.debug_info</name>
         <load_address>0x3977</load_address>
         <run_address>0x3977</run_address>
         <size>0x4e</size>
         <input_file_ref idref="fl-4"/>
      </object_component>
      <object_component id="oc-114">
         <name>.debug_info</name>
         <load_address>0x39c5</load_address>
         <run_address>0x39c5</run_address>
         <size>0x3ab</size>
         <input_file_ref idref="fl-5"/>
      </object_component>
      <object_component id="oc-d9">
         <name>.debug_info</name>
         <load_address>0x3d70</load_address>
         <run_address>0x3d70</run_address>
         <size>0x1e3</size>
         <input_file_ref idref="fl-5"/>
      </object_component>
      <object_component id="oc-102">
         <name>.debug_info</name>
         <load_address>0x3f53</load_address>
         <run_address>0x3f53</run_address>
         <size>0xa77</size>
         <input_file_ref idref="fl-6"/>
      </object_component>
      <object_component id="oc-10c">
         <name>.debug_info</name>
         <load_address>0x49ca</load_address>
         <run_address>0x49ca</run_address>
         <size>0x13c</size>
         <input_file_ref idref="fl-6"/>
      </object_component>
      <object_component id="oc-80">
         <name>.debug_info</name>
         <load_address>0x4b06</load_address>
         <run_address>0x4b06</run_address>
         <size>0x5ad</size>
         <input_file_ref idref="fl-6"/>
      </object_component>
      <object_component id="oc-11c">
         <name>.debug_info</name>
         <load_address>0x50b3</load_address>
         <run_address>0x50b3</run_address>
         <size>0x8b</size>
         <input_file_ref idref="fl-6"/>
      </object_component>
      <object_component id="oc-298">
         <name>.debug_info</name>
         <load_address>0x513e</load_address>
         <run_address>0x513e</run_address>
         <size>0x45c</size>
         <input_file_ref idref="fl-7"/>
      </object_component>
      <object_component id="oc-295">
         <name>.debug_info</name>
         <load_address>0x559a</load_address>
         <run_address>0x559a</run_address>
         <size>0xe5</size>
         <input_file_ref idref="fl-7"/>
      </object_component>
      <object_component id="oc-1a6">
         <name>.debug_info</name>
         <load_address>0x567f</load_address>
         <run_address>0x567f</run_address>
         <size>0x3cc</size>
         <input_file_ref idref="fl-7"/>
      </object_component>
      <object_component id="oc-84">
         <name>.debug_info</name>
         <load_address>0x5a4b</load_address>
         <run_address>0x5a4b</run_address>
         <size>0x158</size>
         <input_file_ref idref="fl-8"/>
      </object_component>
      <object_component id="oc-29">
         <name>.debug_info</name>
         <load_address>0x5ba3</load_address>
         <run_address>0x5ba3</run_address>
         <size>0xef</size>
         <input_file_ref idref="fl-8"/>
      </object_component>
      <object_component id="oc-79">
         <name>.debug_info</name>
         <load_address>0x5c92</load_address>
         <run_address>0x5c92</run_address>
         <size>0x21d</size>
         <input_file_ref idref="fl-8"/>
      </object_component>
      <object_component id="oc-105">
         <name>.debug_info</name>
         <load_address>0x5eaf</load_address>
         <run_address>0x5eaf</run_address>
         <size>0x4d0</size>
         <input_file_ref idref="fl-9"/>
      </object_component>
      <object_component id="oc-1c1">
         <name>.debug_info</name>
         <load_address>0x637f</load_address>
         <run_address>0x637f</run_address>
         <size>0x104</size>
         <input_file_ref idref="fl-9"/>
      </object_component>
      <object_component id="oc-1b3">
         <name>.debug_info</name>
         <load_address>0x6483</load_address>
         <run_address>0x6483</run_address>
         <size>0x11d</size>
         <input_file_ref idref="fl-9"/>
      </object_component>
      <object_component id="oc-1ba">
         <name>.debug_info</name>
         <load_address>0x65a0</load_address>
         <run_address>0x65a0</run_address>
         <size>0x11d</size>
         <input_file_ref idref="fl-9"/>
      </object_component>
      <object_component id="oc-c6">
         <name>.debug_info</name>
         <load_address>0x66bd</load_address>
         <run_address>0x66bd</run_address>
         <size>0x1c06</size>
         <input_file_ref idref="fl-9"/>
      </object_component>
      <object_component id="oc-116">
         <name>.debug_info</name>
         <load_address>0x82c3</load_address>
         <run_address>0x82c3</run_address>
         <size>0x94f</size>
         <input_file_ref idref="fl-a"/>
      </object_component>
      <object_component id="oc-19e">
         <name>.debug_info</name>
         <load_address>0x8c12</load_address>
         <run_address>0x8c12</run_address>
         <size>0xee</size>
         <input_file_ref idref="fl-a"/>
      </object_component>
      <object_component id="oc-1a1">
         <name>.debug_info</name>
         <load_address>0x8d00</load_address>
         <run_address>0x8d00</run_address>
         <size>0xd4</size>
         <input_file_ref idref="fl-a"/>
      </object_component>
      <object_component id="oc-c0">
         <name>.debug_info</name>
         <load_address>0x8dd4</load_address>
         <run_address>0x8dd4</run_address>
         <size>0x54a</size>
         <input_file_ref idref="fl-a"/>
      </object_component>
      <object_component id="oc-265">
         <name>.debug_info</name>
         <load_address>0x931e</load_address>
         <run_address>0x931e</run_address>
         <size>0x52b</size>
         <input_file_ref idref="fl-10"/>
      </object_component>
      <object_component id="oc-270">
         <name>.debug_info</name>
         <load_address>0x9849</load_address>
         <run_address>0x9849</run_address>
         <size>0x13c</size>
         <input_file_ref idref="fl-10"/>
      </object_component>
      <object_component id="oc-195">
         <name>.debug_info</name>
         <load_address>0x9985</load_address>
         <run_address>0x9985</run_address>
         <size>0x16e</size>
         <input_file_ref idref="fl-10"/>
      </object_component>
      <object_component id="oc-15f">
         <name>.debug_info</name>
         <load_address>0x9af3</load_address>
         <run_address>0x9af3</run_address>
         <size>0x1dd</size>
         <input_file_ref idref="fl-10"/>
      </object_component>
      <object_component id="oc-26a">
         <name>.debug_info</name>
         <load_address>0x9cd0</load_address>
         <run_address>0x9cd0</run_address>
         <size>0x132</size>
         <input_file_ref idref="fl-10"/>
      </object_component>
      <object_component id="oc-165">
         <name>.debug_info</name>
         <load_address>0x9e02</load_address>
         <run_address>0x9e02</run_address>
         <size>0x1b7</size>
         <input_file_ref idref="fl-10"/>
      </object_component>
      <object_component id="oc-171">
         <name>.debug_info</name>
         <load_address>0x9fb9</load_address>
         <run_address>0x9fb9</run_address>
         <size>0x1e8</size>
         <input_file_ref idref="fl-10"/>
      </object_component>
      <object_component id="oc-34c">
         <name>.debug_info</name>
         <load_address>0xa1a1</load_address>
         <run_address>0xa1a1</run_address>
         <size>0x14a</size>
         <input_file_ref idref="fl-10"/>
      </object_component>
      <object_component id="oc-415">
         <name>.debug_info</name>
         <load_address>0xa2eb</load_address>
         <run_address>0xa2eb</run_address>
         <size>0x129</size>
         <input_file_ref idref="fl-10"/>
      </object_component>
      <object_component id="oc-352">
         <name>.debug_info</name>
         <load_address>0xa414</load_address>
         <run_address>0xa414</run_address>
         <size>0x178</size>
         <input_file_ref idref="fl-10"/>
      </object_component>
      <object_component id="oc-358">
         <name>.debug_info</name>
         <load_address>0xa58c</load_address>
         <run_address>0xa58c</run_address>
         <size>0x120</size>
         <input_file_ref idref="fl-10"/>
      </object_component>
      <object_component id="oc-277">
         <name>.debug_info</name>
         <load_address>0xa6ac</load_address>
         <run_address>0xa6ac</run_address>
         <size>0x1f9</size>
         <input_file_ref idref="fl-10"/>
      </object_component>
      <object_component id="oc-177">
         <name>.debug_info</name>
         <load_address>0xa8a5</load_address>
         <run_address>0xa8a5</run_address>
         <size>0x132</size>
         <input_file_ref idref="fl-10"/>
      </object_component>
      <object_component id="oc-16c">
         <name>.debug_info</name>
         <load_address>0xa9d7</load_address>
         <run_address>0xa9d7</run_address>
         <size>0x134</size>
         <input_file_ref idref="fl-10"/>
      </object_component>
      <object_component id="oc-341">
         <name>.debug_info</name>
         <load_address>0xab0b</load_address>
         <run_address>0xab0b</run_address>
         <size>0x103c</size>
         <input_file_ref idref="fl-10"/>
      </object_component>
      <object_component id="oc-22d">
         <name>.debug_info</name>
         <load_address>0xbb47</load_address>
         <run_address>0xbb47</run_address>
         <size>0x440</size>
         <input_file_ref idref="fl-11"/>
      </object_component>
      <object_component id="oc-22a">
         <name>.debug_info</name>
         <load_address>0xbf87</load_address>
         <run_address>0xbf87</run_address>
         <size>0xd0</size>
         <input_file_ref idref="fl-11"/>
      </object_component>
      <object_component id="oc-f1">
         <name>.debug_info</name>
         <load_address>0xc057</load_address>
         <run_address>0xc057</run_address>
         <size>0x183</size>
         <input_file_ref idref="fl-11"/>
      </object_component>
      <object_component id="oc-eb">
         <name>.debug_info</name>
         <load_address>0xc1da</load_address>
         <run_address>0xc1da</run_address>
         <size>0x185</size>
         <input_file_ref idref="fl-11"/>
      </object_component>
      <object_component id="oc-15a">
         <name>.debug_info</name>
         <load_address>0xc35f</load_address>
         <run_address>0xc35f</run_address>
         <size>0x1ec</size>
         <input_file_ref idref="fl-11"/>
      </object_component>
      <object_component id="oc-184">
         <name>.debug_info</name>
         <load_address>0xc54b</load_address>
         <run_address>0xc54b</run_address>
         <size>0x17d</size>
         <input_file_ref idref="fl-11"/>
      </object_component>
      <object_component id="oc-18a">
         <name>.debug_info</name>
         <load_address>0xc6c8</load_address>
         <run_address>0xc6c8</run_address>
         <size>0x17b</size>
         <input_file_ref idref="fl-11"/>
      </object_component>
      <object_component id="oc-231">
         <name>.debug_info</name>
         <load_address>0xc843</load_address>
         <run_address>0xc843</run_address>
         <size>0x189</size>
         <input_file_ref idref="fl-11"/>
      </object_component>
      <object_component id="oc-f7">
         <name>.debug_info</name>
         <load_address>0xc9cc</load_address>
         <run_address>0xc9cc</run_address>
         <size>0x1ae</size>
         <input_file_ref idref="fl-11"/>
      </object_component>
      <object_component id="oc-190">
         <name>.debug_info</name>
         <load_address>0xcb7a</load_address>
         <run_address>0xcb7a</run_address>
         <size>0x17f</size>
         <input_file_ref idref="fl-11"/>
      </object_component>
      <object_component id="oc-fd">
         <name>.debug_info</name>
         <load_address>0xccf9</load_address>
         <run_address>0xccf9</run_address>
         <size>0x185</size>
         <input_file_ref idref="fl-11"/>
      </object_component>
      <object_component id="oc-1ae">
         <name>.debug_info</name>
         <load_address>0xce7e</load_address>
         <run_address>0xce7e</run_address>
         <size>0x122</size>
         <input_file_ref idref="fl-12"/>
      </object_component>
      <object_component id="oc-365">
         <name>.debug_info</name>
         <load_address>0xcfa0</load_address>
         <run_address>0xcfa0</run_address>
         <size>0x44d</size>
         <input_file_ref idref="fl-13"/>
      </object_component>
      <object_component id="oc-360">
         <name>.debug_info</name>
         <load_address>0xd3ed</load_address>
         <run_address>0xd3ed</run_address>
         <size>0x113</size>
         <input_file_ref idref="fl-13"/>
      </object_component>
      <object_component id="oc-289">
         <name>.debug_info</name>
         <load_address>0xd500</load_address>
         <run_address>0xd500</run_address>
         <size>0x17c</size>
         <input_file_ref idref="fl-13"/>
      </object_component>
      <object_component id="oc-367">
         <name>.debug_info</name>
         <load_address>0xd67c</load_address>
         <run_address>0xd67c</run_address>
         <size>0x135</size>
         <input_file_ref idref="fl-13"/>
      </object_component>
      <object_component id="oc-36d">
         <name>.debug_info</name>
         <load_address>0xd7b1</load_address>
         <run_address>0xd7b1</run_address>
         <size>0x135</size>
         <input_file_ref idref="fl-13"/>
      </object_component>
      <object_component id="oc-28f">
         <name>.debug_info</name>
         <load_address>0xd8e6</load_address>
         <run_address>0xd8e6</run_address>
         <size>0x187</size>
         <input_file_ref idref="fl-13"/>
      </object_component>
      <object_component id="oc-29a">
         <name>.debug_info</name>
         <load_address>0xda6d</load_address>
         <run_address>0xda6d</run_address>
         <size>0xe7</size>
         <input_file_ref idref="fl-15"/>
      </object_component>
      <object_component id="oc-25">
         <name>.debug_info</name>
         <load_address>0xdb54</load_address>
         <run_address>0xdb54</run_address>
         <size>0x17c</size>
         <input_file_ref idref="fl-cb"/>
      </object_component>
      <object_component id="oc-3a">
         <name>.debug_info</name>
         <load_address>0xdcd0</load_address>
         <run_address>0xdcd0</run_address>
         <size>0x15c</size>
         <input_file_ref idref="fl-cc"/>
      </object_component>
      <object_component id="oc-12">
         <name>.debug_info</name>
         <load_address>0xde2c</load_address>
         <run_address>0xde2c</run_address>
         <size>0x1fb</size>
         <input_file_ref idref="fl-cc"/>
      </object_component>
      <object_component id="oc-35">
         <name>.debug_info</name>
         <load_address>0xe027</load_address>
         <run_address>0xe027</run_address>
         <size>0x46</size>
         <input_file_ref idref="fl-cc"/>
      </object_component>
      <object_component id="oc-8a">
         <name>.debug_info</name>
         <load_address>0xe06d</load_address>
         <run_address>0xe06d</run_address>
         <size>0x2c</size>
         <input_file_ref idref="fl-cc"/>
      </object_component>
      <object_component id="oc-42">
         <name>.debug_info</name>
         <load_address>0xe099</load_address>
         <run_address>0xe099</run_address>
         <size>0x150</size>
         <input_file_ref idref="fl-cd"/>
      </object_component>
      <object_component id="oc-3d">
         <name>.debug_info</name>
         <load_address>0xe1e9</load_address>
         <run_address>0xe1e9</run_address>
         <size>0x263</size>
         <input_file_ref idref="fl-cd"/>
      </object_component>
      <object_component id="oc-17">
         <name>.debug_info</name>
         <load_address>0xe44c</load_address>
         <run_address>0xe44c</run_address>
         <size>0x1cd</size>
         <input_file_ref idref="fl-cd"/>
      </object_component>
      <object_component id="oc-43">
         <name>.debug_info</name>
         <load_address>0xe619</load_address>
         <run_address>0xe619</run_address>
         <size>0x39</size>
         <input_file_ref idref="fl-cd"/>
      </object_component>
      <object_component id="oc-2d0">
         <name>.debug_info</name>
         <load_address>0xe652</load_address>
         <run_address>0xe652</run_address>
         <size>0x21d</size>
         <input_file_ref idref="fl-cf"/>
      </object_component>
      <object_component id="oc-2bd">
         <name>.debug_info</name>
         <load_address>0xe86f</load_address>
         <run_address>0xe86f</run_address>
         <size>0x139</size>
         <input_file_ref idref="fl-cf"/>
      </object_component>
      <object_component id="oc-1fb">
         <name>.debug_info</name>
         <load_address>0xe9a8</load_address>
         <run_address>0xe9a8</run_address>
         <size>0xb91</size>
         <input_file_ref idref="fl-cf"/>
[...]
         <object_component_ref idref="oc-6c"/>
      </symbol>
      <symbol id="sm-620">
         <name>abort</name>
         <value>0x7381</value>
         <object_component_ref idref="oc-6c"/>
      </symbol>
      <symbol id="sm-621">
         <name>exit</name>
         <value>0x7389</value>
         <object_component_ref idref="oc-6c"/>
      </symbol>
      <symbol id="sm-622">
         <name>__TI_dtors_ptr</name>
         <value>0x2000088c</value>
         <object_component_ref idref="oc-b3"/>
      </symbol>
      <symbol id="sm-623">
         <name>__TI_cleanup_ptr</name>
         <value>0x20000888</value>
         <object_component_ref idref="oc-b3"/>
      </symbol>
      <symbol id="sm-624">
         <name>__TI_enable_exit_profile_output</name>
         <value>0x20000890</value>
         <object_component_ref idref="oc-b3"/>
      </symbol>
      <symbol id="sm-63b">
         <name>__aeabi_dsub</name>
         <value>0x57cd</value>
         <object_component_ref idref="oc-1dc"/>
      </symbol>
      <symbol id="sm-63c">
         <name>__aeabi_dadd</name>
         <value>0x57d7</value>
         <object_component_ref idref="oc-1dc"/>
      </symbol>
      <symbol id="sm-65e">
         <name>__aeabi_cdcmpeq</name>
         <value>0x6d85</value>
         <object_component_ref idref="oc-2bf"/>
      </symbol>
      <symbol id="sm-65f">
         <name>__aeabi_cdcmple</name>
         <value>0x6d85</value>
         <object_component_ref idref="oc-2bf"/>
      </symbol>
      <symbol id="sm-660">
         <name>__aeabi_cdrcmple</name>
         <value>0x6e0b</value>
         <object_component_ref idref="oc-2c4"/>
      </symbol>
      <symbol id="sm-674">
         <name>__aeabi_ddiv</name>
         <value>0x5e11</value>
         <object_component_ref idref="oc-1d7"/>
      </symbol>
      <symbol id="sm-67f">
         <name>__aeabi_dmul</name>
         <value>0x62c5</value>
         <object_component_ref idref="oc-1d2"/>
      </symbol>
      <symbol id="sm-689">
         <name>__aeabi_d2iz</name>
         <value>0x7549</value>
         <object_component_ref idref="oc-200"/>
      </symbol>
      <symbol id="sm-693">
         <name>__aeabi_d2uiz</name>
         <value>0x7591</value>
         <object_component_ref idref="oc-1e1"/>
      </symbol>
      <symbol id="sm-69d">
         <name>__aeabi_i2d</name>
         <value>0x7695</value>
         <object_component_ref idref="oc-1c8"/>
      </symbol>
      <symbol id="sm-6b8">
         <name>memcpy</name>
         <value>0x6b2d</value>
         <object_component_ref idref="oc-2f"/>
      </symbol>
      <symbol id="sm-6b9">
         <name>__aeabi_memcpy</name>
         <value>0x6b2d</value>
         <object_component_ref idref="oc-2f"/>
      </symbol>
      <symbol id="sm-6ba">
         <name>__aeabi_memcpy8</name>
         <value>0x6b2d</value>
         <object_component_ref idref="oc-2f"/>
      </symbol>
      <symbol id="sm-6bb">
         <name>__aeabi_memcpy4</name>
         <value>0x6b2d</value>
         <object_component_ref idref="oc-2f"/>
      </symbol>
      <symbol id="sm-6ca">
         <name>__aeabi_memset</name>
         <value>0x6f0f</value>
         <object_component_ref idref="oc-48"/>
      </symbol>
      <symbol id="sm-6cb">
         <name>memset</name>
         <value>0x6f15</value>
         <object_component_ref idref="oc-48"/>
      </symbol>
      <symbol id="sm-6cc">
         <name>__aeabi_memset8</name>
         <value>0x6f0f</value>
         <object_component_ref idref="oc-48"/>
      </symbol>
      <symbol id="sm-6cd">
         <name>__aeabi_memset4</name>
         <value>0x6f0f</value>
         <object_component_ref idref="oc-48"/>
      </symbol>
      <symbol id="sm-6ce">
         <name>__aeabi_memclr8</name>
         <value>0x6f0d</value>
         <object_component_ref idref="oc-48"/>
      </symbol>
      <symbol id="sm-6cf">
         <name>__aeabi_memclr4</name>
         <value>0x6f0d</value>
         <object_component_ref idref="oc-48"/>
      </symbol>
      <symbol id="sm-6d0">
         <name>__aeabi_memclr</name>
         <value>0x6f0d</value>
         <object_component_ref idref="oc-48"/>
      </symbol>
      <symbol id="sm-6da">
         <name>__mpu_init</name>
         <value>0x313b</value>
         <object_component_ref idref="oc-54"/>
      </symbol>
      <symbol id="sm-6e4">
         <name>_system_pre_init</name>
         <value>0x79f5</value>
         <object_component_ref idref="oc-5a"/>
      </symbol>
      <symbol id="sm-702">
         <name>printf</name>
         <value>0x7001</value>
         <object_component_ref idref="oc-dd"/>
      </symbol>
      <symbol id="sm-724">
         <name>scalbn</name>
         <value>0x63c1</value>
         <object_component_ref idref="oc-2c9"/>
      </symbol>
      <symbol id="sm-725">
         <name>scalbnl</name>
         <value>0x63c1</value>
         <object_component_ref idref="oc-2c9"/>
      </symbol>
      <symbol id="sm-726">
         <name>ldexpl</name>
         <value>0x63c1</value>
         <object_component_ref idref="oc-2c9"/>
      </symbol>
      <symbol id="sm-727">
         <name>ldexp</name>
         <value>0x63c1</value>
         <object_component_ref idref="oc-2c9"/>
      </symbol>
      <symbol id="sm-740">
         <name>sprintf</name>
         <value>0x7271</value>
         <object_component_ref idref="oc-e3"/>
      </symbol>
      <symbol id="sm-762">
         <name>sscanf</name>
         <value>0x6863</value>
         <object_component_ref idref="oc-1e6"/>
      </symbol>
      <symbol id="sm-763">
         <name>vsscanf</name>
         <value>0x6851</value>
         <object_component_ref idref="oc-1e6"/>
      </symbol>
      <symbol id="sm-76b">
         <name>main_func_sp</name>
         <value>0x200008b0</value>
         <object_component_ref idref="oc-72"/>
      </symbol>
      <symbol id="sm-779">
         <name>strcpy</name>
         <value>0x7955</value>
         <object_component_ref idref="oc-1ec"/>
      </symbol>
      <symbol id="sm-783">
         <name>__aeabi_ui2d</name>
         <value>0x77a5</value>
         <object_component_ref idref="oc-1cd"/>
      </symbol>
      <symbol id="sm-79c">
         <name>_nop</name>
         <value>0x793b</value>
         <object_component_ref idref="oc-14c"/>
      </symbol>
      <symbol id="sm-79d">
         <name>_lock</name>
         <value>0x200008a0</value>
         <object_component_ref idref="oc-b6"/>
      </symbol>
      <symbol id="sm-79e">
         <name>_unlock</name>
         <value>0x200008a4</value>
         <object_component_ref idref="oc-b6"/>
      </symbol>
      <symbol id="sm-79f">
         <name>_register_lock</name>
         <value>0x7933</value>
         <object_component_ref idref="oc-14c"/>
      </symbol>
      <symbol id="sm-7a0">
         <name>_register_unlock</name>
         <value>0x792d</value>
         <object_component_ref idref="oc-14c"/>
      </symbol>
      <symbol id="sm-8a7">
         <name>__TI_printfi</name>
         <value>0xf4b</value>
         <object_component_ref idref="oc-217"/>
      </symbol>
      <symbol id="sm-93f">
         <name>__TI_scanfi</name>
         <value>0x2c8d</value>
         <object_component_ref idref="oc-2a6"/>
      </symbol>
      <symbol id="sm-953">
         <name>_args_main</name>
         <value>0x7879</value>
         <object_component_ref idref="oc-66"/>
      </symbol>
      <symbol id="sm-969">
         <name>atoi</name>
         <value>0x7469</value>
         <object_component_ref idref="oc-319"/>
      </symbol>
      <symbol id="sm-98e">
         <name>__TI_auto_init</name>
         <value>0x6f89</value>
         <object_component_ref idref="oc-60"/>
      </symbol>
      <symbol id="sm-9a8">
         <name>copy_in</name>
         <value>0x74b5</value>
         <object_component_ref idref="oc-a3"/>
      </symbol>
      <symbol id="sm-9b3">
         <name>_ctypes_</name>
         <value>0x79f8</value>
         <object_component_ref idref="oc-2ac"/>
      </symbol>
      <symbol id="sm-9c8">
         <name>__TI_tmpnams</name>
         <value>0x20000520</value>
      </symbol>
      <symbol id="sm-9c9">
         <name>__aeabi_stdout</name>
         <value>0x20000870</value>
         <object_component_ref idref="oc-3db"/>
      </symbol>
      <symbol id="sm-9ca">
         <name>__aeabi_stderr</name>
         <value>0x20000874</value>
         <object_component_ref idref="oc-3db"/>
      </symbol>
      <symbol id="sm-9cb">
         <name>__aeabi_stdin</name>
         <value>0x2000086c</value>
         <object_component_ref idref="oc-3db"/>
      </symbol>
      <symbol id="sm-9cc">
         <name>_ftable</name>
         <value>0x2000065c</value>
         <object_component_ref idref="oc-21d"/>
      </symbol>
      <symbol id="sm-9cd">
         <name>__TI_ft_end</name>
         <value>0x20000868</value>
         <object_component_ref idref="oc-3db"/>
      </symbol>
      <symbol id="sm-9d9">
         <name>__aeabi_d2f</name>
         <value>0x7069</value>
         <object_component_ref idref="oc-38f"/>
      </symbol>
      <symbol id="sm-9f0">
         <name>putc</name>
         <value>0x6c61</value>
         <object_component_ref idref="oc-20b"/>
      </symbol>
      <symbol id="sm-9f1">
         <name>fputc</name>
         <value>0x6c61</value>
         <object_component_ref idref="oc-20b"/>
      </symbol>
      <symbol id="sm-9f2">
         <name>putchar</name>
         <value>0x6ce5</value>
         <object_component_ref idref="oc-20b"/>
      </symbol>
      <symbol id="sm-a14">
         <name>puts</name>
         <value>0x6055</value>
         <object_component_ref idref="oc-211"/>
      </symbol>
      <symbol id="sm-a15">
         <name>fputs</name>
         <value>0x5f49</value>
         <object_component_ref idref="oc-211"/>
      </symbol>
      <symbol id="sm-a63">
         <name>open</name>
         <value>0x4bbb</value>
         <object_component_ref idref="oc-2e6"/>
      </symbol>
      <symbol id="sm-a64">
         <name>add_device</name>
         <value>0x4cdd</value>
         <object_component_ref idref="oc-2e6"/>
      </symbol>
      <symbol id="sm-a65">
         <name>remove_device</name>
         <value>0x4b6f</value>
         <object_component_ref idref="oc-2e6"/>
      </symbol>
      <symbol id="sm-a66">
         <name>lseek</name>
         <value>0x4c69</value>
         <object_component_ref idref="oc-2e6"/>
      </symbol>
      <symbol id="sm-a67">
         <name>read</name>
         <value>0x4b97</value>
         <object_component_ref idref="oc-2e6"/>
      </symbol>
      <symbol id="sm-a68">
         <name>rename</name>
         <value>0x4b31</value>
         <object_component_ref idref="oc-2e6"/>
      </symbol>
      <symbol id="sm-a69">
         <name>write</name>
         <value>0x4a7d</value>
         <object_component_ref idref="oc-2e6"/>
      </symbol>
      <symbol id="sm-a6a">
         <name>close</name>
         <value>0x4c8d</value>
         <object_component_ref idref="oc-2e6"/>
      </symbol>
      <symbol id="sm-a6b">
         <name>unlink</name>
         <value>0x4b0d</value>
         <object_component_ref idref="oc-2e6"/>
      </symbol>
      <symbol id="sm-a7a">
         <name>ltoa</name>
         <value>0x72d1</value>
         <object_component_ref idref="oc-301"/>
      </symbol>
      <symbol id="sm-a8a">
         <name>memccpy</name>
         <value>0x77e1</value>
         <object_component_ref idref="oc-313"/>
      </symbol>
      <symbol id="sm-a9a">
         <name>memchr</name>
         <value>0x7785</value>
         <object_component_ref idref="oc-2f4"/>
      </symbol>
      <symbol id="sm-aa4">
         <name>copysign</name>
         <value>0x7941</value>
         <object_component_ref idref="oc-3be"/>
      </symbol>
      <symbol id="sm-aa5">
         <name>copysignl</name>
         <value>0x7941</value>
         <object_component_ref idref="oc-3be"/>
      </symbol>
      <symbol id="sm-abb">
         <name>frexpl</name>
         <value>0x720d</value>
         <object_component_ref idref="oc-307"/>
      </symbol>
      <symbol id="sm-abc">
         <name>frexp</name>
         <value>0x720d</value>
         <object_component_ref idref="oc-307"/>
      </symbol>
      <symbol id="sm-ac6">
         <name>_system_post_cinit</name>
         <value>0x5983</value>
         <object_component_ref idref="oc-a9"/>
      </symbol>
      <symbol id="sm-ad6">
         <name>strchr</name>
         <value>0x78d9</value>
         <object_component_ref idref="oc-30d"/>
      </symbol>
      <symbol id="sm-ae5">
         <name>strcmp</name>
         <value>0x78a9</value>
         <object_component_ref idref="oc-3e0"/>
      </symbol>
      <symbol id="sm-af3">
         <name>strlen</name>
         <value>0x7969</value>
         <object_component_ref idref="oc-2ee"/>
      </symbol>
      <symbol id="sm-b03">
         <name>strncpy</name>
         <value>0x7665</value>
         <object_component_ref idref="oc-3e6"/>
      </symbol>
      <symbol id="sm-b12">
         <name>strrchr</name>
         <value>0x78c1</value>
         <object_component_ref idref="oc-3a1"/>
      </symbol>
      <symbol id="sm-b4f">
         <name>strtold</name>
         <value>0x4ff5</value>
         <object_component_ref idref="oc-389"/>
      </symbol>
      <symbol id="sm-b50">
         <name>strtod</name>
         <value>0x4ff5</value>
         <object_component_ref idref="oc-389"/>
      </symbol>
      <symbol id="sm-b75">
         <name>strtol</name>
         <value>0x607d</value>
         <object_component_ref idref="oc-394"/>
      </symbol>
      <symbol id="sm-b9e">
         <name>strtoll</name>
         <value>0x5425</value>
         <object_component_ref idref="oc-39a"/>
      </symbol>
      <symbol id="sm-bbf">
         <name>strtoul</name>
         <value>0x61b1</value>
         <object_component_ref idref="oc-37d"/>
      </symbol>
      <symbol id="sm-be5">
         <name>strtoull</name>
         <value>0x5ca5</value>
         <object_component_ref idref="oc-383"/>
      </symbol>
      <symbol id="sm-c0d">
         <name>HOSTgetenv</name>
         <value>0x49b9</value>
         <object_component_ref idref="oc-45f"/>
      </symbol>
      <symbol id="sm-c0e">
         <name>HOSTrename</name>
         <value>0x4861</value>
         <object_component_ref idref="oc-45f"/>
      </symbol>
      <symbol id="sm-c0f">
         <name>HOSTclose</name>
         <value>0x49f7</value>
         <object_component_ref idref="oc-45f"/>
      </symbol>
      <symbol id="sm-c10">
         <name>HOSTtime64</name>
         <value>0x47dd</value>
         <object_component_ref idref="oc-45f"/>
      </symbol>
      <symbol id="sm-c11">
         <name>HOSTunlink</name>
         <value>0x47a5</value>
         <object_component_ref idref="oc-45f"/>
      </symbol>
      <symbol id="sm-c12">
         <name>HOSTlseek</name>
         <value>0x495d</value>
         <object_component_ref idref="oc-45f"/>
      </symbol>
      <symbol id="sm-c13">
         <name>HOSTopen</name>
         <value>0x490b</value>
         <object_component_ref idref="oc-45f"/>
      </symbol>
      <symbol id="sm-c14">
         <name>HOSTclock</name>
         <value>0x4a2f</value>
         <object_component_ref idref="oc-45f"/>
      </symbol>
      <symbol id="sm-c15">
         <name>HOSTwrite</name>
         <value>0x4759</value>
         <object_component_ref idref="oc-45f"/>
      </symbol>
      <symbol id="sm-c16">
         <name>HOSTread</name>
         <value>0x48bf</value>
         <object_component_ref idref="oc-45f"/>
      </symbol>
      <symbol id="sm-c17">
         <name>HOSTtime</name>
         <value>0x4827</value>
         <object_component_ref idref="oc-45f"/>
      </symbol>
      <symbol id="sm-c32">
         <name>__TI_readmsg</name>
         <value>0x7173</value>
         <object_component_ref idref="oc-4a1"/>
      </symbol>
      <symbol id="sm-c33">
         <name>C$$IO$$</name>
         <value>0x716f</value>
         <object_component_ref idref="oc-4a1"/>
      </symbol>
      <symbol id="sm-c34">
         <name>__CIOBUF_</name>
         <value>0x20000400</value>
         <object_component_ref idref="oc-4b8"/>
      </symbol>
      <symbol id="sm-c35">
         <name>__TI_writemsg</name>
         <value>0x7141</value>
         <object_component_ref idref="oc-4a1"/>
      </symbol>
      <symbol id="sm-c51">
         <name>__aeabi_uldivmod</name>
         <value>0x5231</value>
         <object_component_ref idref="oc-2fc"/>
      </symbol>
      <symbol id="sm-c6f">
         <name>__TI_wrt_ok</name>
         <value>0x69e5</value>
         <object_component_ref idref="oc-2da"/>
      </symbol>
      <symbol id="sm-c70">
         <name>__TI_rd_ok</name>
         <value>0x6a47</value>
         <object_component_ref idref="oc-2da"/>
      </symbol>
      <symbol id="sm-c8a">
         <name>__TI_doflush</name>
         <value>0x691d</value>
         <object_component_ref idref="oc-2e0"/>
      </symbol>
      <symbol id="sm-c8b">
         <name>fflush</name>
         <value>0x6969</value>
         <object_component_ref idref="oc-2e0"/>
      </symbol>
      <symbol id="sm-c9d">
         <name>fseek</name>
         <value>0x71a9</value>
         <object_component_ref idref="oc-3cd"/>
      </symbol>
      <symbol id="sm-ca6">
         <name>__aeabi_lmul</name>
         <value>0x7891</value>
         <object_component_ref idref="oc-423"/>
      </symbol>
      <symbol id="sm-cc2">
         <name>setvbuf</name>
         <value>0x6775</value>
         <object_component_ref idref="oc-3d3"/>
      </symbol>
      <symbol id="sm-cf9">
         <name>__TI_cleanup</name>
         <value>0x56d1</value>
         <object_component_ref idref="oc-448"/>
      </symbol>
      <symbol id="sm-cfa">
         <name>freopen</name>
         <value>0x56fd</value>
         <object_component_ref idref="oc-448"/>
      </symbol>
      <symbol id="sm-cfb">
         <name>fopen</name>
         <value>0x5727</value>
         <object_component_ref idref="oc-448"/>
      </symbol>
      <symbol id="sm-d6a">
         <name>_sys_memory</name>
         <value>0x20000000</value>
         <object_component_ref idref="oc-2c"/>
      </symbol>
      <symbol id="sm-d6b">
         <name>free</name>
         <value>0x3d2f</value>
         <object_component_ref idref="oc-442"/>
      </symbol>
      <symbol id="sm-d6c">
         <name>realloc</name>
         <value>0x3df1</value>
         <object_component_ref idref="oc-442"/>
      </symbol>
      <symbol id="sm-d6d">
         <name>memalign</name>
         <value>0x3efd</value>
         <object_component_ref idref="oc-442"/>
      </symbol>
      <symbol id="sm-d6e">
         <name>calloc</name>
         <value>0x3fe1</value>
         <object_component_ref idref="oc-442"/>
      </symbol>
      <symbol id="sm-d6f">
         <name>malloc</name>
         <value>0x3cc7</value>
         <object_component_ref idref="oc-442"/>
      </symbol>
      <symbol id="sm-d70">
         <name>minit</name>
         <value>0x3c39</value>
         <object_component_ref idref="oc-442"/>
      </symbol>
      <symbol id="sm-d86">
         <name>__TI_closefile</name>
         <value>0x6bc9</value>
         <object_component_ref idref="oc-492"/>
      </symbol>
      <symbol id="sm-d87">
         <name>fclose</name>
         <value>0x6c2f</value>
         <object_component_ref idref="oc-492"/>
      </symbol>
      <symbol id="sm-d89">
         <name>__TI_static_base__</name>
         <value>0x0</value>
      </symbol>
      <symbol id="sm-d8c">
         <name>SHT$$INIT_ARRAY$$Limit</name>
         <value>0x0</value>
      </symbol>
      <symbol id="sm-d8d">
         <name>SHT$$INIT_ARRAY$$Base</name>
         <value>0x0</value>
      </symbol>
      <symbol id="sm-d8e">
         <name>remove</name>
         <value>0x4b0d</value>
      </symbol>
   </symbol_table>
   <title>Link successful</title>
</link_info>
